../Core/Src/main.c:122:1:__io_putchar	16	static
../Core/Src/main.c:128:6:HAL_TIM_PeriodElapsedCallback	16	static
../Core/Src/main.c:143:5:main	88	static
../Core/Src/main.c:385:6:SystemClock_Config	128	static
../Core/Src/main.c:437:13:MX_I2C1_Init	8	static
../Core/Src/main.c:485:13:MX_SPI1_Init	8	static
../Core/Src/main.c:525:13:MX_TIM1_Init	96	static
../Core/Src/main.c:595:13:MX_TIM4_Init	56	static
../Core/Src/main.c:644:13:MX_TIM6_Init	24	static
../Core/Src/main.c:682:13:MX_TIM7_Init	24	static
../Core/Src/main.c:720:13:MX_USART1_UART_Init	8	static
../Core/Src/main.c:755:13:MX_GPIO_Init	56	static
../Core/Src/main.c:821:6:Error_Handler	4	static,ignoring_inline_asm
