../Core/Src/main.c:103:1:__io_putchar	16	static
../Core/Src/main.c:109:6:HAL_TIM_PeriodElapsedCallback	16	static
../Core/Src/main.c:120:5:main	64	static
../Core/Src/main.c:233:6:SystemClock_Config	128	static
../Core/Src/main.c:285:13:MX_I2C1_Init	8	static
../Core/Src/main.c:333:13:MX_SPI1_Init	8	static
../Core/Src/main.c:373:13:MX_TIM1_Init	96	static
../Core/Src/main.c:443:13:MX_TIM4_Init	56	static
../Core/Src/main.c:492:13:MX_USART1_UART_Init	8	static
../Core/Src/main.c:527:13:MX_GPIO_Init	56	static
../Core/Src/main.c:593:6:Error_Handler	4	static,ignoring_inline_asm
