../Core/Src/main.c:96:1:__io_putchar	16	static
../Core/Src/main.c:102:6:HAL_TIM_PeriodElapsedCallback	16	static
../Core/Src/main.c:113:5:main	56	static
../Core/Src/main.c:211:6:SystemClock_Config	128	static
../Core/Src/main.c:263:13:MX_I2C1_Init	8	static
../Core/Src/main.c:311:13:MX_SPI1_Init	8	static
../Core/Src/main.c:351:13:MX_TIM1_Init	96	static
../Core/Src/main.c:421:13:MX_TIM4_Init	56	static
../Core/Src/main.c:470:13:MX_USART1_UART_Init	8	static
../Core/Src/main.c:505:13:MX_GPIO_Init	56	static
../Core/Src/main.c:571:6:Error_Handler	4	static,ignoring_inline_asm
