Archive member included to satisfy reference by file (symbol)

c:/st/stm32cubeide_1.9.0/stm32cubeide/plugins/com.st.stm32cube.ide.mcu.externaltools.gnu-tools-for-stm32.10.3-2021.10.win32_1.0.200.202301161003/tools/bin/../lib/gcc/arm-none-eabi/10.3.1/../../../../arm-none-eabi/lib/thumb/v7e-m+fp/hard\libc_nano.a(lib_a-errno.o)
                              ./Core/Src/syscalls.o (__errno)
c:/st/stm32cubeide_1.9.0/stm32cubeide/plugins/com.st.stm32cube.ide.mcu.externaltools.gnu-tools-for-stm32.10.3-2021.10.win32_1.0.200.202301161003/tools/bin/../lib/gcc/arm-none-eabi/10.3.1/../../../../arm-none-eabi/lib/thumb/v7e-m+fp/hard\libc_nano.a(lib_a-exit.o)
                              c:/st/stm32cubeide_1.9.0/stm32cubeide/plugins/com.st.stm32cube.ide.mcu.externaltools.gnu-tools-for-stm32.10.3-2021.10.win32_1.0.200.202301161003/tools/bin/../lib/gcc/arm-none-eabi/10.3.1/../../../../arm-none-eabi/lib/thumb/v7e-m+fp/hard/crt0.o (exit)
c:/st/stm32cubeide_1.9.0/stm32cubeide/plugins/com.st.stm32cube.ide.mcu.externaltools.gnu-tools-for-stm32.10.3-2021.10.win32_1.0.200.202301161003/tools/bin/../lib/gcc/arm-none-eabi/10.3.1/../../../../arm-none-eabi/lib/thumb/v7e-m+fp/hard\libc_nano.a(lib_a-impure.o)
                              c:/st/stm32cubeide_1.9.0/stm32cubeide/plugins/com.st.stm32cube.ide.mcu.externaltools.gnu-tools-for-stm32.10.3-2021.10.win32_1.0.200.202301161003/tools/bin/../lib/gcc/arm-none-eabi/10.3.1/../../../../arm-none-eabi/lib/thumb/v7e-m+fp/hard\libc_nano.a(lib_a-exit.o) (_global_impure_ptr)
c:/st/stm32cubeide_1.9.0/stm32cubeide/plugins/com.st.stm32cube.ide.mcu.externaltools.gnu-tools-for-stm32.10.3-2021.10.win32_1.0.200.202301161003/tools/bin/../lib/gcc/arm-none-eabi/10.3.1/../../../../arm-none-eabi/lib/thumb/v7e-m+fp/hard\libc_nano.a(lib_a-init.o)
                              c:/st/stm32cubeide_1.9.0/stm32cubeide/plugins/com.st.stm32cube.ide.mcu.externaltools.gnu-tools-for-stm32.10.3-2021.10.win32_1.0.200.202301161003/tools/bin/../lib/gcc/arm-none-eabi/10.3.1/../../../../arm-none-eabi/lib/thumb/v7e-m+fp/hard/crt0.o (__libc_init_array)
c:/st/stm32cubeide_1.9.0/stm32cubeide/plugins/com.st.stm32cube.ide.mcu.externaltools.gnu-tools-for-stm32.10.3-2021.10.win32_1.0.200.202301161003/tools/bin/../lib/gcc/arm-none-eabi/10.3.1/../../../../arm-none-eabi/lib/thumb/v7e-m+fp/hard\libc_nano.a(lib_a-memset.o)
                              c:/st/stm32cubeide_1.9.0/stm32cubeide/plugins/com.st.stm32cube.ide.mcu.externaltools.gnu-tools-for-stm32.10.3-2021.10.win32_1.0.200.202301161003/tools/bin/../lib/gcc/arm-none-eabi/10.3.1/../../../../arm-none-eabi/lib/thumb/v7e-m+fp/hard/crt0.o (memset)

Discarded input sections

 .text          0x0000000000000000        0x0 c:/st/stm32cubeide_1.9.0/stm32cubeide/plugins/com.st.stm32cube.ide.mcu.externaltools.gnu-tools-for-stm32.10.3-2021.10.win32_1.0.200.202301161003/tools/bin/../lib/gcc/arm-none-eabi/10.3.1/thumb/v7e-m+fp/hard/crti.o
 .data          0x0000000000000000        0x0 c:/st/stm32cubeide_1.9.0/stm32cubeide/plugins/com.st.stm32cube.ide.mcu.externaltools.gnu-tools-for-stm32.10.3-2021.10.win32_1.0.200.202301161003/tools/bin/../lib/gcc/arm-none-eabi/10.3.1/thumb/v7e-m+fp/hard/crti.o
 .bss           0x0000000000000000        0x0 c:/st/stm32cubeide_1.9.0/stm32cubeide/plugins/com.st.stm32cube.ide.mcu.externaltools.gnu-tools-for-stm32.10.3-2021.10.win32_1.0.200.202301161003/tools/bin/../lib/gcc/arm-none-eabi/10.3.1/thumb/v7e-m+fp/hard/crti.o
 .data          0x0000000000000000        0x4 c:/st/stm32cubeide_1.9.0/stm32cubeide/plugins/com.st.stm32cube.ide.mcu.externaltools.gnu-tools-for-stm32.10.3-2021.10.win32_1.0.200.202301161003/tools/bin/../lib/gcc/arm-none-eabi/10.3.1/thumb/v7e-m+fp/hard/crtbegin.o
 .rodata        0x0000000000000000       0x24 c:/st/stm32cubeide_1.9.0/stm32cubeide/plugins/com.st.stm32cube.ide.mcu.externaltools.gnu-tools-for-stm32.10.3-2021.10.win32_1.0.200.202301161003/tools/bin/../lib/gcc/arm-none-eabi/10.3.1/thumb/v7e-m+fp/hard/crtbegin.o
 .text          0x0000000000000000       0x7c c:/st/stm32cubeide_1.9.0/stm32cubeide/plugins/com.st.stm32cube.ide.mcu.externaltools.gnu-tools-for-stm32.10.3-2021.10.win32_1.0.200.202301161003/tools/bin/../lib/gcc/arm-none-eabi/10.3.1/../../../../arm-none-eabi/lib/thumb/v7e-m+fp/hard/crt0.o
 .data          0x0000000000000000        0x0 c:/st/stm32cubeide_1.9.0/stm32cubeide/plugins/com.st.stm32cube.ide.mcu.externaltools.gnu-tools-for-stm32.10.3-2021.10.win32_1.0.200.202301161003/tools/bin/../lib/gcc/arm-none-eabi/10.3.1/../../../../arm-none-eabi/lib/thumb/v7e-m+fp/hard/crt0.o
 .bss           0x0000000000000000        0x0 c:/st/stm32cubeide_1.9.0/stm32cubeide/plugins/com.st.stm32cube.ide.mcu.externaltools.gnu-tools-for-stm32.10.3-2021.10.win32_1.0.200.202301161003/tools/bin/../lib/gcc/arm-none-eabi/10.3.1/../../../../arm-none-eabi/lib/thumb/v7e-m+fp/hard/crt0.o
[...]
Memory Configuration

Name             Origin             Length             Attributes
CCMRAM           0x0000000010000000 0x0000000000002000 xrw
RAM              0x0000000020000000 0x000000000000a000 xrw
FLASH            0x0000000008000000 0x0000000000040000 xr
*default*        0x0000000000000000 0xffffffffffffffff

Linker script and memory map

LOAD c:/st/stm32cubeide_1.9.0/stm32cubeide/plugins/com.st.stm32cube.ide.mcu.externaltools.gnu-tools-for-stm32.10.3-2021.10.win32_1.0.200.202301161003/tools/bin/../lib/gcc/arm-none-eabi/10.3.1/thumb/v7e-m+fp/hard/crti.o
LOAD c:/st/stm32cubeide_1.9.0/stm32cubeide/plugins/com.st.stm32cube.ide.mcu.externaltools.gnu-tools-for-stm32.10.3-2021.10.win32_1.0.200.202301161003/tools/bin/../lib/gcc/arm-none-eabi/10.3.1/thumb/v7e-m+fp/hard/crtbegin.o
LOAD c:/st/stm32cubeide_1.9.0/stm32cubeide/plugins/com.st.stm32cube.ide.mcu.externaltools.gnu-tools-for-stm32.10.3-2021.10.win32_1.0.200.202301161003/tools/bin/../lib/gcc/arm-none-eabi/10.3.1/../../../../arm-none-eabi/lib/thumb/v7e-m+fp/hard/crt0.o
LOAD ./Common/Src/pid.o
LOAD ./Common/Src/rotary_encoder.o
LOAD ./Common/Src/utilities.o
LOAD ./Core/Src/devices/motor.o
LOAD ./Core/Src/main.o
LOAD ./Core/Src/stm32f3xx_hal_msp.o
LOAD ./Core/Src/stm32f3xx_it.o
LOAD ./Core/Src/syscalls.o
LOAD ./Core/Src/sysmem.o
LOAD ./Core/Src/system_stm32f3xx.o
LOAD ./Core/Src/peripherals/gpio.o
LOAD ./Core/Startup/startup_stm32f303vctx.o
LOAD ./Drivers/STM32F3xx_HAL_Driver/Src/stm32f3xx_hal.o
LOAD ./Drivers/STM32F3xx_HAL_Driver/Src/stm32f3xx_hal_cortex.o
LOAD ./Drivers/STM32F3xx_HAL_Driver/Src/stm32f3xx_hal_dma.o
LOAD ./Drivers/STM32F3xx_HAL_Driver/Src/stm32f3xx_hal_exti.o
LOAD ./Drivers/STM32F3xx_HAL_Driver/Src/stm32f3xx_hal_flash.o
LOAD ./Drivers/STM32F3xx_HAL_Driver/Src/stm32f3xx_hal_flash_ex.o
LOAD ./Drivers/STM32F3xx_HAL_Driver/Src/stm32f3xx_hal_gpio.o
LOAD ./Drivers/STM32F3xx_HAL_Driver/Src/stm32f3xx_hal_i2c.o
LOAD ./Drivers/STM32F3xx_HAL_Driver/Src/stm32f3xx_hal_i2c_ex.o
LOAD ./Drivers/STM32F3xx_HAL_Driver/Src/stm32f3xx_hal_pcd.o
LOAD ./Drivers/STM32F3xx_HAL_Driver/Src/stm32f3xx_hal_pcd_ex.o
LOAD ./Drivers/STM32F3xx_HAL_Driver/Src/stm32f3xx_hal_pwr.o
LOAD ./Drivers/STM32F3xx_HAL_Driver/Src/stm32f3xx_hal_pwr_ex.o
LOAD ./Drivers/STM32F3xx_HAL_Driver/Src/stm32f3xx_hal_rcc.o
LOAD ./Drivers/STM32F3xx_HAL_Driver/Src/stm32f3xx_hal_rcc_ex.o
LOAD ./Drivers/STM32F3xx_HAL_Driver/Src/stm32f3xx_hal_spi.o
LOAD ./Drivers/STM32F3xx_HAL_Driver/Src/stm32f3xx_hal_spi_ex.o
LOAD ./Drivers/STM32F3xx_HAL_Driver/Src/stm32f3xx_hal_tim.o
LOAD ./Drivers/STM32F3xx_HAL_Driver/Src/stm32f3xx_hal_tim_ex.o
LOAD ./Drivers/STM32F3xx_HAL_Driver/Src/stm32f3xx_hal_uart.o
LOAD ./Drivers/STM32F3xx_HAL_Driver/Src/stm32f3xx_hal_uart_ex.o
LOAD ./Drivers/STM32F3xx_HAL_Driver/Src/stm32f3xx_ll_usb.o
LOAD ./Middlewares/ST/STM32_USB_Device_Library/Class/HID/Src/usbd_hid.o
LOAD ./Middlewares/ST/STM32_USB_Device_Library/Core/Src/usbd_core.o
LOAD ./Middlewares/ST/STM32_USB_Device_Library/Core/Src/usbd_ctlreq.o
LOAD ./Middlewares/ST/STM32_USB_Device_Library/Core/Src/usbd_ioreq.o
LOAD ./USB_DEVICE/App/usb_device.o
LOAD ./USB_DEVICE/App/usbd_desc.o
LOAD ./USB_DEVICE/Target/usbd_conf.o
START GROUP
LOAD c:/st/stm32cubeide_1.9.0/stm32cubeide/plugins/com.st.stm32cube.ide.mcu.externaltools.gnu-tools-for-stm32.10.3-2021.10.win32_1.0.200.202301161003/tools/bin/../lib/gcc/arm-none-eabi/10.3.1/../../../../arm-none-eabi/lib/thumb/v7e-m+fp/hard\libstdc++_nano.a
LOAD c:/st/stm32cubeide_1.9.0/stm32cubeide/plugins/com.st.stm32cube.ide.mcu.externaltools.gnu-tools-for-stm32.10.3-2021.10.win32_1.0.200.202301161003/tools/bin/../lib/gcc/arm-none-eabi/10.3.1/../../../../arm-none-eabi/lib/thumb/v7e-m+fp/hard\libsupc++_nano.a
END GROUP
LOAD c:/st/stm32cubeide_1.9.0/stm32cubeide/plugins/com.st.stm32cube.ide.mcu.externaltools.gnu-tools-for-stm32.10.3-2021.10.win32_1.0.200.202301161003/tools/bin/../lib/gcc/arm-none-eabi/10.3.1/../../../../arm-none-eabi/lib/thumb/v7e-m+fp/hard\libstdc++_nano.a
LOAD c:/st/stm32cubeide_1.9.0/stm32cubeide/plugins/com.st.stm32cube.ide.mcu.externaltools.gnu-tools-for-stm32.10.3-2021.10.win32_1.0.200.202301161003/tools/bin/../lib/gcc/arm-none-eabi/10.3.1/../../../../arm-none-eabi/lib/thumb/v7e-m+fp/hard\libm.a
LOAD c:/st/stm32cubeide_1.9.0/stm32cubeide/plugins/com.st.stm32cube.ide.mcu.externaltools.gnu-tools-for-stm32.10.3-2021.10.win32_1.0.200.202301161003/tools/bin/../lib/gcc/arm-none-eabi/10.3.1/../../../../arm-none-eabi/lib/thumb/v7e-m+fp/hard\libc_nano.a
START GROUP
LOAD c:/st/stm32cubeide_1.9.0/stm32cubeide/plugins/com.st.stm32cube.ide.mcu.externaltools.gnu-tools-for-stm32.10.3-2021.10.win32_1.0.200.202301161003/tools/bin/../lib/gcc/arm-none-eabi/10.3.1/thumb/v7e-m+fp/hard\libgcc.a
LOAD c:/st/stm32cubeide_1.9.0/stm32cubeide/plugins/com.st.stm32cube.ide.mcu.externaltools.gnu-tools-for-stm32.10.3-2021.10.win32_1.0.200.202301161003/tools/bin/../lib/gcc/arm-none-eabi/10.3.1/../../../../arm-none-eabi/lib/thumb/v7e-m+fp/hard\libc_nano.a
END GROUP
START GROUP
LOAD c:/st/stm32cubeide_1.9.0/stm32cubeide/plugins/com.st.stm32cube.ide.mcu.externaltools.gnu-tools-for-stm32.10.3-2021.10.win32_1.0.200.202301161003/tools/bin/../lib/gcc/arm-none-eabi/10.3.1/thumb/v7e-m+fp/hard\libgcc.a
LOAD c:/st/stm32cubeide_1.9.0/stm32cubeide/plugins/com.st.stm32cube.ide.mcu.externaltools.gnu-tools-for-stm32.10.3-2021.10.win32_1.0.200.202301161003/tools/bin/../lib/gcc/arm-none-eabi/10.3.1/../../../../arm-none-eabi/lib/thumb/v7e-m+fp/hard\libc_nano.a
END GROUP
LOAD c:/st/stm32cubeide_1.9.0/stm32cubeide/plugins/com.st.stm32cube.ide.mcu.externaltools.gnu-tools-for-stm32.10.3-2021.10.win32_1.0.200.202301161003/tools/bin/../lib/gcc/arm-none-eabi/10.3.1/thumb/v7e-m+fp/hard/crtend.o
LOAD c:/st/stm32cubeide_1.9.0/stm32cubeide/plugins/com.st.stm32cube.ide.mcu.externaltools.gnu-tools-for-stm32.10.3-2021.10.win32_1.0.200.202301161003/tools/bin/../lib/gcc/arm-none-eabi/10.3.1/thumb/v7e-m+fp/hard/crtn.o
                0x000000002000a000                _estack = (ORIGIN (RAM) + LENGTH (RAM))
                0x0000000000000200                _Min_Heap_Size = 0x200
                0x0000000000000400                _Min_Stack_Size = 0x400

.isr_vector     0x0000000008000000      0x188
                0x0000000008000000                . = ALIGN (0x4)
 *(.isr_vector)
 .isr_vector    0x0000000008000000      0x188 ./Core/Startup/startup_stm32f303vctx.o
                0x0000000008000000                g_pfnVectors
                0x0000000008000188                . = ALIGN (0x4)

.text           0x0000000008000188     0xab90
                0x0000000008000188                . = ALIGN (0x4)
 *(.text)
 .text          0x0000000008000188       0x40 c:/st/stm32cubeide_1.9.0/stm32cubeide/plugins/com.st.stm32cube.ide.mcu.externaltools.gnu-tools-for-stm32.10.3-2021.10.win32_1.0.200.202301161003/tools/bin/../lib/gcc/arm-none-eabi/10.3.1/thumb/v7e-m+fp/hard/crtbegin.o
 *(.text*)
 .text.PIDInit  0x00000000080001c8       0x40 ./Common/Src/pid.o
                0x00000000080001c8                PIDInit
 .text.ComputePID
                0x0000000008000208      0x140 ./Common/Src/pid.o
                0x0000000008000208                ComputePID
 .text.Abs      0x0000000008000348       0x34 ./Common/Src/pid.o
 .text.RotaryEncInit
                0x000000000800037c       0x28 ./Common/Src/rotary_encoder.o
                0x000000000800037c                RotaryEncInit
 .text.RotaryEncGetCount
                0x00000000080003a4       0x18 ./Common/Src/rotary_encoder.o
                0x00000000080003a4                RotaryEncGetCount
 .text.RotaryEncUpdate
                0x00000000080003bc       0x82 ./Common/Src/rotary_encoder.o
                0x00000000080003bc                RotaryEncUpdate
 .text.Abs      0x000000000800043e       0x1c ./Common/Src/utilities.o
                0x000000000800043e                Abs
 .text.MotorInit
                0x000000000800045a       0x58 ./Core/Src/devices/motor.o
                0x000000000800045a                MotorInit
 .text.MotorStartPWM
                0x00000000080004b2       0x28 ./Core/Src/devices/motor.o
                0x00000000080004b2                MotorStartPWM
 .text.MotorSetDirection
                0x00000000080004da       0x72 ./Core/Src/devices/motor.o
                0x00000000080004da                MotorSetDirection
 .text.MotorSetSpeed
                0x000000000800054c      0x114 ./Core/Src/devices/motor.o
                0x000000000800054c                MotorSetSpeed
 .text.MotorSetPower
                0x0000000008000660       0x42 ./Core/Src/devices/motor.o
                0x0000000008000660                MotorSetPower
 .text.Abs      0x00000000080006a2       0x22 ./Core/Src/devices/motor.o
 .text.HAL_TIM_PeriodElapsedCallback
                0x00000000080006c4       0x2c ./Core/Src/main.o
                0x00000000080006c4                HAL_TIM_PeriodElapsedCallback
 .text.main     0x00000000080006f0      0x104 ./Core/Src/main.o
                0x00000000080006f0                main
 .text.SystemClock_Config
                0x00000000080007f4       0xcc ./Core/Src/main.o
                0x00000000080007f4                SystemClock_Config
 .text.MX_I2C1_Init
                0x00000000080008c0       0x80 ./Core/Src/main.o
 .text.MX_SPI1_Init
                0x0000000008000940       0x7c ./Core/Src/main.o
 .text.MX_TIM1_Init
                0x00000000080009bc      0x120 ./Core/Src/main.o
 .text.MX_TIM4_Init
                0x0000000008000adc       0xac ./Core/Src/main.o
 .text.MX_USART1_UART_Init
                0x0000000008000b88       0x60 ./Core/Src/main.o
 .text.MX_GPIO_Init
                0x0000000008000be8      0x144 ./Core/Src/main.o
 .text.Error_Handler
                0x0000000008000d2c        0xa ./Core/Src/main.o
                0x0000000008000d2c                Error_Handler
 *fill*         0x0000000008000d36        0x2 
 .text.HAL_MspInit
                0x0000000008000d38       0x48 ./Core/Src/stm32f3xx_hal_msp.o
                0x0000000008000d38                HAL_MspInit
 .text.HAL_I2C_MspInit
                0x0000000008000d80       0x88 ./Core/Src/stm32f3xx_hal_msp.o
                0x0000000008000d80                HAL_I2C_MspInit
 .text.HAL_SPI_MspInit
                0x0000000008000e08       0x84 ./Core/Src/stm32f3xx_hal_msp.o
                0x0000000008000e08                HAL_SPI_MspInit
 .text.HAL_TIM_PWM_MspInit
                0x0000000008000e8c       0x40 ./Core/Src/stm32f3xx_hal_msp.o
                0x0000000008000e8c                HAL_TIM_PWM_MspInit
 .text.HAL_TIM_Encoder_MspInit
                0x0000000008000ecc       0x98 ./Core/Src/stm32f3xx_hal_msp.o
                0x0000000008000ecc                HAL_TIM_Encoder_MspInit
 .text.HAL_TIM_MspPostInit
                0x0000000008000f64       0x70 ./Core/Src/stm32f3xx_hal_msp.o
                0x0000000008000f64                HAL_TIM_MspPostInit
 .text.HAL_UART_MspInit
                0x0000000008000fd4       0x88 ./Core/Src/stm32f3xx_hal_msp.o
                0x0000000008000fd4                HAL_UART_MspInit
 .text.NMI_Handler
                0x000000000800105c        0x6 ./Core/Src/stm32f3xx_it.o
                0x000000000800105c                NMI_Handler
 .text.HardFault_Handler
                0x0000000008001062        0x6 ./Core/Src/stm32f3xx_it.o
                0x0000000008001062                HardFault_Handler
 .text.MemManage_Handler
                0x0000000008001068        0x6 ./Core/Src/stm32f3xx_it.o
                0x0000000008001068                MemManage_Handler
 .text.BusFault_Handler
                0x000000000800106e        0x6 ./Core/Src/stm32f3xx_it.o
                0x000000000800106e                BusFault_Handler
 .text.UsageFault_Handler
                0x0000000008001074        0x6 ./Core/Src/stm32f3xx_it.o
                0x0000000008001074                UsageFault_Handler
 .text.SVC_Handler
                0x000000000800107a        0xe ./Core/Src/stm32f3xx_it.o
                0x000000000800107a                SVC_Handler
 .text.DebugMon_Handler
                0x0000000008001088        0xe ./Core/Src/stm32f3xx_it.o
                0x0000000008001088                DebugMon_Handler
 .text.PendSV_Handler
                0x0000000008001096        0xe ./Core/Src/stm32f3xx_it.o
                0x0000000008001096                PendSV_Handler
 .text.SysTick_Handler
                0x00000000080010a4        0xc ./Core/Src/stm32f3xx_it.o
                0x00000000080010a4                SysTick_Handler
 .text.USB_LP_CAN_RX0_IRQHandler
                0x00000000080010b0       0x14 ./Core/Src/stm32f3xx_it.o
                0x00000000080010b0                USB_LP_CAN_RX0_IRQHandler
 .text.TIM4_IRQHandler
                0x00000000080010c4       0x14 ./Core/Src/stm32f3xx_it.o
                0x00000000080010c4                TIM4_IRQHandler
 .text.SystemInit
                0x00000000080010d8       0x24 ./Core/Src/system_stm32f3xx.o
                0x00000000080010d8                SystemInit
 .text.Reset_Handler
                0x00000000080010fc       0x50 ./Core/Startup/startup_stm32f303vctx.o
                0x00000000080010fc                Reset_Handler
 .text.Default_Handler
                0x000000000800114c        0x2 ./Core/Startup/startup_stm32f303vctx.o
                0x000000000800114c                RTC_Alarm_IRQHandler
                0x000000000800114c                TIM8_TRG_COM_IRQHandler
                0x000000000800114c                TIM8_CC_IRQHandler
                0x000000000800114c                TIM1_CC_IRQHandler
                0x000000000800114c                USB_HP_IRQHandler
                0x000000000800114c                PVD_IRQHandler
                0x000000000800114c                TAMP_STAMP_IRQHandler
                0x000000000800114c                EXTI3_IRQHandler
                0x000000000800114c                USB_HP_CAN_TX_IRQHandler
                0x000000000800114c                EXTI0_IRQHandler
                0x000000000800114c                I2C2_EV_IRQHandler
                0x000000000800114c                FPU_IRQHandler
                0x000000000800114c                TIM1_UP_TIM16_IRQHandler
                0x000000000800114c                ADC1_2_IRQHandler
                0x000000000800114c                SPI1_IRQHandler
                0x000000000800114c                CAN_SCE_IRQHandler
                0x000000000800114c                TIM6_DAC_IRQHandler
                0x000000000800114c                TIM8_UP_IRQHandler
                0x000000000800114c                DMA2_Channel2_IRQHandler
                0x000000000800114c                DMA1_Channel4_IRQHandler
                0x000000000800114c                USART3_IRQHandler
                0x000000000800114c                DMA1_Channel7_IRQHandler
                0x000000000800114c                UART5_IRQHandler
                0x000000000800114c                ADC3_IRQHandler
                0x000000000800114c                CAN_RX1_IRQHandler
                0x000000000800114c                DMA2_Channel1_IRQHandler
                0x000000000800114c                I2C1_EV_IRQHandler
                0x000000000800114c                DMA1_Channel6_IRQHandler
                0x000000000800114c                UART4_IRQHandler
                0x000000000800114c                DMA2_Channel4_IRQHandler
                0x000000000800114c                TIM3_IRQHandler
                0x000000000800114c                RCC_IRQHandler
                0x000000000800114c                DMA1_Channel1_IRQHandler
                0x000000000800114c                Default_Handler
                0x000000000800114c                USBWakeUp_RMP_IRQHandler
                0x000000000800114c                EXTI15_10_IRQHandler
                0x000000000800114c                TIM7_IRQHandler
                0x000000000800114c                EXTI9_5_IRQHandler
                0x000000000800114c                RTC_WKUP_IRQHandler
                0x000000000800114c                SPI2_IRQHandler
                0x000000000800114c                DMA2_Channel5_IRQHandler
                0x000000000800114c                DMA1_Channel5_IRQHandler
                0x000000000800114c                USB_LP_IRQHandler
                0x000000000800114c                EXTI4_IRQHandler
                0x000000000800114c                TIM1_TRG_COM_TIM17_IRQHandler
                0x000000000800114c                DMA1_Channel3_IRQHandler
                0x000000000800114c                ADC4_IRQHandler
                0x000000000800114c                WWDG_IRQHandler
                0x000000000800114c                TIM2_IRQHandler
                0x000000000800114c                COMP7_IRQHandler
                0x000000000800114c                COMP1_2_3_IRQHandler
                0x000000000800114c                EXTI1_IRQHandler
                0x000000000800114c                USART2_IRQHandler
                0x000000000800114c                COMP4_5_6_IRQHandler
                0x000000000800114c                I2C2_ER_IRQHandler
                0x000000000800114c                DMA1_Channel2_IRQHandler
                0x000000000800114c                TIM8_BRK_IRQHandler
                0x000000000800114c                FLASH_IRQHandler
                0x000000000800114c                USART1_IRQHandler
                0x000000000800114c                SPI3_IRQHandler
                0x000000000800114c                I2C1_ER_IRQHandler
                0x000000000800114c                USBWakeUp_IRQHandler
                0x000000000800114c                DMA2_Channel3_IRQHandler
                0x000000000800114c                EXTI2_TSC_IRQHandler
                0x000000000800114c                TIM1_BRK_TIM15_IRQHandler
 *fill*         0x000000000800114e        0x2 
 .text.HAL_Init
                0x0000000008001150       0x2c ./Drivers/STM32F3xx_HAL_Driver/Src/stm32f3xx_hal.o
                0x0000000008001150                HAL_Init
 .text.HAL_InitTick
                0x000000000800117c       0x60 ./Drivers/STM32F3xx_HAL_Driver/Src/stm32f3xx_hal.o
                0x000000000800117c                HAL_InitTick
 .text.HAL_IncTick
                0x00000000080011dc       0x28 ./Drivers/STM32F3xx_HAL_Driver/Src/stm32f3xx_hal.o
                0x00000000080011dc                HAL_IncTick
 .text.HAL_GetTick
                0x0000000008001204       0x18 ./Drivers/STM32F3xx_HAL_Driver/Src/stm32f3xx_hal.o
                0x0000000008001204                HAL_GetTick
 .text.HAL_Delay
                0x000000000800121c       0x48 ./Drivers/STM32F3xx_HAL_Driver/Src/stm32f3xx_hal.o
                0x000000000800121c                HAL_Delay
 .text.__NVIC_SetPriorityGrouping
                0x0000000008001264       0x48 ./Drivers/STM32F3xx_HAL_Driver/Src/stm32f3xx_hal_cortex.o
 .text.__NVIC_GetPriorityGrouping
                0x00000000080012ac       0x1c ./Drivers/STM32F3xx_HAL_Driver/Src/stm32f3xx_hal_cortex.o
 .text.__NVIC_EnableIRQ
                0x00000000080012c8       0x3c ./Drivers/STM32F3xx_HAL_Driver/Src/stm32f3xx_hal_cortex.o
 .text.__NVIC_SetPriority
                0x0000000008001304       0x54 ./Drivers/STM32F3xx_HAL_Driver/Src/stm32f3xx_hal_cortex.o
 .text.NVIC_EncodePriority
                0x0000000008001358       0x66 ./Drivers/STM32F3xx_HAL_Driver/Src/stm32f3xx_hal_cortex.o
 *fill*         0x00000000080013be        0x2 
 .text.SysTick_Config
                0x00000000080013c0       0x44 ./Drivers/STM32F3xx_HAL_Driver/Src/stm32f3xx_hal_cortex.o
 .text.HAL_NVIC_SetPriorityGrouping
                0x0000000008001404       0x16 ./Drivers/STM32F3xx_HAL_Driver/Src/stm32f3xx_hal_cortex.o
                0x0000000008001404                HAL_NVIC_SetPriorityGrouping
 .text.HAL_NVIC_SetPriority
                0x000000000800141a       0x38 ./Drivers/STM32F3xx_HAL_Driver/Src/stm32f3xx_hal_cortex.o
                0x000000000800141a                HAL_NVIC_SetPriority
 .text.HAL_NVIC_EnableIRQ
                0x0000000008001452       0x1c ./Drivers/STM32F3xx_HAL_Driver/Src/stm32f3xx_hal_cortex.o
                0x0000000008001452                HAL_NVIC_EnableIRQ
 .text.HAL_SYSTICK_Config
                0x000000000800146e       0x18 ./Drivers/STM32F3xx_HAL_Driver/Src/stm32f3xx_hal_cortex.o
                0x000000000800146e                HAL_SYSTICK_Config
 *fill*         0x0000000008001486        0x2 
 .text.HAL_GPIO_Init
                0x0000000008001488      0x2f4 ./Drivers/STM32F3xx_HAL_Driver/Src/stm32f3xx_hal_gpio.o
                0x0000000008001488                HAL_GPIO_Init
 .text.HAL_GPIO_WritePin
                0x000000000800177c       0x30 ./Drivers/STM32F3xx_HAL_Driver/Src/stm32f3xx_hal_gpio.o
                0x000000000800177c                HAL_GPIO_WritePin
 .text.HAL_GPIO_TogglePin
                0x00000000080017ac       0x34 ./Drivers/STM32F3xx_HAL_Driver/Src/stm32f3xx_hal_gpio.o
                0x00000000080017ac                HAL_GPIO_TogglePin
 .text.HAL_I2C_Init
                0x00000000080017e0      0x11e ./Drivers/STM32F3xx_HAL_Driver/Src/stm32f3xx_hal_i2c.o
                0x00000000080017e0                HAL_I2C_Init
 .text.HAL_I2CEx_ConfigAnalogFilter
                0x00000000080018fe       0x96 ./Drivers/STM32F3xx_HAL_Driver/Src/stm32f3xx_hal_i2c_ex.o
                0x00000000080018fe                HAL_I2CEx_ConfigAnalogFilter
 .text.HAL_I2CEx_ConfigDigitalFilter
                0x0000000008001994       0x98 ./Drivers/STM32F3xx_HAL_Driver/Src/stm32f3xx_hal_i2c_ex.o
                0x0000000008001994                HAL_I2CEx_ConfigDigitalFilter
 .text.HAL_PCD_Init
                0x0000000008001a2c      0x1a4 ./Drivers/STM32F3xx_HAL_Driver/Src/stm32f3xx_hal_pcd.o
                0x0000000008001a2c                HAL_PCD_Init
 .text.HAL_PCD_Start
                0x0000000008001bd0       0x4c ./Drivers/STM32F3xx_HAL_Driver/Src/stm32f3xx_hal_pcd.o
                0x0000000008001bd0                HAL_PCD_Start
 .text.HAL_PCD_IRQHandler
                0x0000000008001c1c      0x1a8 ./Drivers/STM32F3xx_HAL_Driver/Src/stm32f3xx_hal_pcd.o
                0x0000000008001c1c                HAL_PCD_IRQHandler
 .text.HAL_PCD_SetAddress
                0x0000000008001dc4       0x4a ./Drivers/STM32F3xx_HAL_Driver/Src/stm32f3xx_hal_pcd.o
                0x0000000008001dc4                HAL_PCD_SetAddress
 .text.HAL_PCD_EP_Open
                0x0000000008001e0e       0xba ./Drivers/STM32F3xx_HAL_Driver/Src/stm32f3xx_hal_pcd.o
                0x0000000008001e0e                HAL_PCD_EP_Open
 .text.HAL_PCD_EP_Close
                0x0000000008001ec8       0x90 ./Drivers/STM32F3xx_HAL_Driver/Src/stm32f3xx_hal_pcd.o
                0x0000000008001ec8                HAL_PCD_EP_Close
 .text.HAL_PCD_EP_Receive
                0x0000000008001f58       0x62 ./Drivers/STM32F3xx_HAL_Driver/Src/stm32f3xx_hal_pcd.o
                0x0000000008001f58                HAL_PCD_EP_Receive
 .text.HAL_PCD_EP_Transmit
                0x0000000008001fba       0x6e ./Drivers/STM32F3xx_HAL_Driver/Src/stm32f3xx_hal_pcd.o
                0x0000000008001fba                HAL_PCD_EP_Transmit
 .text.HAL_PCD_EP_SetStall
                0x0000000008002028       0xa4 ./Drivers/STM32F3xx_HAL_Driver/Src/stm32f3xx_hal_pcd.o
                0x0000000008002028                HAL_PCD_EP_SetStall
 .text.HAL_PCD_EP_ClrStall
                0x00000000080020cc       0xa8 ./Drivers/STM32F3xx_HAL_Driver/Src/stm32f3xx_hal_pcd.o
                0x00000000080020cc                HAL_PCD_EP_ClrStall
 .text.PCD_EP_ISR_Handler
                0x0000000008002174      0x7a6 ./Drivers/STM32F3xx_HAL_Driver/Src/stm32f3xx_hal_pcd.o
 .text.HAL_PCD_EP_DB_Receive
                0x000000000800291a      0x21a ./Drivers/STM32F3xx_HAL_Driver/Src/stm32f3xx_hal_pcd.o
 .text.HAL_PCD_EP_DB_Transmit
                0x0000000008002b34      0x7f4 ./Drivers/STM32F3xx_HAL_Driver/Src/stm32f3xx_hal_pcd.o
 .text.HAL_PCDEx_PMAConfig
                0x0000000008003328       0x86 ./Drivers/STM32F3xx_HAL_Driver/Src/stm32f3xx_hal_pcd_ex.o
                0x0000000008003328                HAL_PCDEx_PMAConfig
 *fill*         0x00000000080033ae        0x2 
 .text.HAL_RCC_OscConfig
                0x00000000080033b0     0x107c ./Drivers/STM32F3xx_HAL_Driver/Src/stm32f3xx_hal_rcc.o
                0x00000000080033b0                HAL_RCC_OscConfig
 .text.HAL_RCC_ClockConfig
                0x000000000800442c      0x2f8 ./Drivers/STM32F3xx_HAL_Driver/Src/stm32f3xx_hal_rcc.o
                0x000000000800442c                HAL_RCC_ClockConfig
 .text.HAL_RCC_GetSysClockFreq
                0x0000000008004724       0xd4 ./Drivers/STM32F3xx_HAL_Driver/Src/stm32f3xx_hal_rcc.o
                0x0000000008004724                HAL_RCC_GetSysClockFreq
 .text.HAL_RCC_GetHCLKFreq
                0x00000000080047f8       0x18 ./Drivers/STM32F3xx_HAL_Driver/Src/stm32f3xx_hal_rcc.o
                0x00000000080047f8                HAL_RCC_GetHCLKFreq
 .text.HAL_RCC_GetPCLK1Freq
                0x0000000008004810       0x44 ./Drivers/STM32F3xx_HAL_Driver/Src/stm32f3xx_hal_rcc.o
                0x0000000008004810                HAL_RCC_GetPCLK1Freq
 .text.HAL_RCC_GetPCLK2Freq
                0x0000000008004854       0x44 ./Drivers/STM32F3xx_HAL_Driver/Src/stm32f3xx_hal_rcc.o
                0x0000000008004854                HAL_RCC_GetPCLK2Freq
 .text.HAL_RCCEx_PeriphCLKConfig
                0x0000000008004898      0x360 ./Drivers/STM32F3xx_HAL_Driver/Src/stm32f3xx_hal_rcc_ex.o
                0x0000000008004898                HAL_RCCEx_PeriphCLKConfig
 .text.HAL_SPI_Init
                0x0000000008004bf8      0x156 ./Drivers/STM32F3xx_HAL_Driver/Src/stm32f3xx_hal_spi.o
                0x0000000008004bf8                HAL_SPI_Init
 *fill*         0x0000000008004d4e        0x2 
 .text.HAL_TIM_Base_Start_IT
                0x0000000008004d50       0xd4 ./Drivers/STM32F3xx_HAL_Driver/Src/stm32f3xx_hal_tim.o
                0x0000000008004d50                HAL_TIM_Base_Start_IT
 .text.HAL_TIM_PWM_Init
                0x0000000008004e24       0xae ./Drivers/STM32F3xx_HAL_Driver/Src/stm32f3xx_hal_tim.o
                0x0000000008004e24                HAL_TIM_PWM_Init
 *fill*         0x0000000008004ed2        0x2 
 .text.HAL_TIM_PWM_Start
                0x0000000008004ed4      0x200 ./Drivers/STM32F3xx_HAL_Driver/Src/stm32f3xx_hal_tim.o
                0x0000000008004ed4                HAL_TIM_PWM_Start
 .text.HAL_TIM_Encoder_Init
                0x00000000080050d4      0x14c ./Drivers/STM32F3xx_HAL_Driver/Src/stm32f3xx_hal_tim.o
                0x00000000080050d4                HAL_TIM_Encoder_Init
 .text.HAL_TIM_Encoder_Start
                0x0000000008005220      0x11c ./Drivers/STM32F3xx_HAL_Driver/Src/stm32f3xx_hal_tim.o
                0x0000000008005220                HAL_TIM_Encoder_Start
 .text.HAL_TIM_IRQHandler
                0x000000000800533c      0x23e ./Drivers/STM32F3xx_HAL_Driver/Src/stm32f3xx_hal_tim.o
                0x000000000800533c                HAL_TIM_IRQHandler
 *fill*         0x000000000800557a        0x2 
 .text.HAL_TIM_PWM_ConfigChannel
                0x000000000800557c      0x228 ./Drivers/STM32F3xx_HAL_Driver/Src/stm32f3xx_hal_tim.o
                0x000000000800557c                HAL_TIM_PWM_ConfigChannel
 .text.HAL_TIM_OC_DelayElapsedCallback
                0x00000000080057a4       0x14 ./Drivers/STM32F3xx_HAL_Driver/Src/stm32f3xx_hal_tim.o
                0x00000000080057a4                HAL_TIM_OC_DelayElapsedCallback
 .text.HAL_TIM_IC_CaptureCallback
                0x00000000080057b8       0x14 ./Drivers/STM32F3xx_HAL_Driver/Src/stm32f3xx_hal_tim.o
                0x00000000080057b8                HAL_TIM_IC_CaptureCallback
 .text.HAL_TIM_PWM_PulseFinishedCallback
                0x00000000080057cc       0x14 ./Drivers/STM32F3xx_HAL_Driver/Src/stm32f3xx_hal_tim.o
                0x00000000080057cc                HAL_TIM_PWM_PulseFinishedCallback
 .text.HAL_TIM_TriggerCallback
                0x00000000080057e0       0x14 ./Drivers/STM32F3xx_HAL_Driver/Src/stm32f3xx_hal_tim.o
                0x00000000080057e0                HAL_TIM_TriggerCallback
 .text.TIM_Base_SetConfig
                0x00000000080057f4      0x120 ./Drivers/STM32F3xx_HAL_Driver/Src/stm32f3xx_hal_tim.o
                0x00000000080057f4                TIM_Base_SetConfig
 .text.TIM_OC1_SetConfig
                0x0000000008005914      0x120 ./Drivers/STM32F3xx_HAL_Driver/Src/stm32f3xx_hal_tim.o
 .text.TIM_OC2_SetConfig
                0x0000000008005a34      0x114 ./Drivers/STM32F3xx_HAL_Driver/Src/stm32f3xx_hal_tim.o
                0x0000000008005a34                TIM_OC2_SetConfig
 .text.TIM_OC3_SetConfig
                0x0000000008005b48      0x110 ./Drivers/STM32F3xx_HAL_Driver/Src/stm32f3xx_hal_tim.o
 .text.TIM_OC4_SetConfig
                0x0000000008005c58       0xd4 ./Drivers/STM32F3xx_HAL_Driver/Src/stm32f3xx_hal_tim.o
 .text.TIM_OC5_SetConfig
                0x0000000008005d2c       0xc8 ./Drivers/STM32F3xx_HAL_Driver/Src/stm32f3xx_hal_tim.o
 .text.TIM_OC6_SetConfig
                0x0000000008005df4       0xcc ./Drivers/STM32F3xx_HAL_Driver/Src/stm32f3xx_hal_tim.o
 .text.TIM_CCxChannelCmd
                0x0000000008005ec0       0x4a ./Drivers/STM32F3xx_HAL_Driver/Src/stm32f3xx_hal_tim.o
                0x0000000008005ec0                TIM_CCxChannelCmd
 *fill*         0x0000000008005f0a        0x2 
 .text.HAL_TIMEx_MasterConfigSynchronization
                0x0000000008005f0c      0x100 ./Drivers/STM32F3xx_HAL_Driver/Src/stm32f3xx_hal_tim_ex.o
                0x0000000008005f0c                HAL_TIMEx_MasterConfigSynchronization
 .text.HAL_TIMEx_ConfigBreakDeadTime
                0x000000000800600c       0xfc ./Drivers/STM32F3xx_HAL_Driver/Src/stm32f3xx_hal_tim_ex.o
                0x000000000800600c                HAL_TIMEx_ConfigBreakDeadTime
 .text.HAL_TIMEx_CommutCallback
                0x0000000008006108       0x14 ./Drivers/STM32F3xx_HAL_Driver/Src/stm32f3xx_hal_tim_ex.o
                0x0000000008006108                HAL_TIMEx_CommutCallback
 .text.HAL_TIMEx_BreakCallback
                0x000000000800611c       0x14 ./Drivers/STM32F3xx_HAL_Driver/Src/stm32f3xx_hal_tim_ex.o
                0x000000000800611c                HAL_TIMEx_BreakCallback
 .text.HAL_TIMEx_Break2Callback
                0x0000000008006130       0x14 ./Drivers/STM32F3xx_HAL_Driver/Src/stm32f3xx_hal_tim_ex.o
                0x0000000008006130                HAL_TIMEx_Break2Callback
 .text.HAL_UART_Init
                0x0000000008006144       0x9c ./Drivers/STM32F3xx_HAL_Driver/Src/stm32f3xx_hal_uart.o
                0x0000000008006144                HAL_UART_Init
 .text.UART_SetConfig
                0x00000000080061e0      0x3a8 ./Drivers/STM32F3xx_HAL_Driver/Src/stm32f3xx_hal_uart.o
                0x00000000080061e0                UART_SetConfig
 .text.UART_AdvFeatureConfig
                0x0000000008006588      0x144 ./Drivers/STM32F3xx_HAL_Driver/Src/stm32f3xx_hal_uart.o
                0x0000000008006588                UART_AdvFeatureConfig
 .text.UART_CheckIdleState
                0x00000000080066cc      0x150 ./Drivers/STM32F3xx_HAL_Driver/Src/stm32f3xx_hal_uart.o
                0x00000000080066cc                UART_CheckIdleState
 .text.UART_WaitOnFlagUntilTimeout
                0x000000000800681c       0xce ./Drivers/STM32F3xx_HAL_Driver/Src/stm32f3xx_hal_uart.o
                0x000000000800681c                UART_WaitOnFlagUntilTimeout
 .text.UART_EndRxTransfer
                0x00000000080068ea       0xc8 ./Drivers/STM32F3xx_HAL_Driver/Src/stm32f3xx_hal_uart.o
 .text.USB_EnableGlobalInt
                0x00000000080069b2       0x2e ./Drivers/STM32F3xx_HAL_Driver/Src/stm32f3xx_ll_usb.o
                0x00000000080069b2                USB_EnableGlobalInt
 .text.USB_DisableGlobalInt
                0x00000000080069e0       0x36 ./Drivers/STM32F3xx_HAL_Driver/Src/stm32f3xx_ll_usb.o
                0x00000000080069e0                USB_DisableGlobalInt
 .text.USB_DevInit
                0x0000000008006a16       0x42 ./Drivers/STM32F3xx_HAL_Driver/Src/stm32f3xx_ll_usb.o
                0x0000000008006a16                USB_DevInit
 .text.USB_ActivateEndpoint
                0x0000000008006a58      0x788 ./Drivers/STM32F3xx_HAL_Driver/Src/stm32f3xx_ll_usb.o
                0x0000000008006a58                USB_ActivateEndpoint
 .text.USB_DeactivateEndpoint
                0x00000000080071e0      0x3da ./Drivers/STM32F3xx_HAL_Driver/Src/stm32f3xx_ll_usb.o
                0x00000000080071e0                USB_DeactivateEndpoint
 .text.USB_EPStartXfer
                0x00000000080075ba     0x1762 ./Drivers/STM32F3xx_HAL_Driver/Src/stm32f3xx_ll_usb.o
                0x00000000080075ba                USB_EPStartXfer
 .text.USB_EPSetStall
                0x0000000008008d1c       0xa2 ./Drivers/STM32F3xx_HAL_Driver/Src/stm32f3xx_ll_usb.o
                0x0000000008008d1c                USB_EPSetStall
 .text.USB_EPClearStall
                0x0000000008008dbe      0x15c ./Drivers/STM32F3xx_HAL_Driver/Src/stm32f3xx_ll_usb.o
                0x0000000008008dbe                USB_EPClearStall
 .text.USB_SetDevAddress
                0x0000000008008f1a       0x28 ./Drivers/STM32F3xx_HAL_Driver/Src/stm32f3xx_ll_usb.o
                0x0000000008008f1a                USB_SetDevAddress
 .text.USB_DevConnect
                0x0000000008008f42       0x16 ./Drivers/STM32F3xx_HAL_Driver/Src/stm32f3xx_ll_usb.o
                0x0000000008008f42                USB_DevConnect
 .text.USB_ReadInterrupts
                0x0000000008008f58       0x20 ./Drivers/STM32F3xx_HAL_Driver/Src/stm32f3xx_ll_usb.o
                0x0000000008008f58                USB_ReadInterrupts
 .text.USB_WritePMA
                0x0000000008008f78       0x8c ./Drivers/STM32F3xx_HAL_Driver/Src/stm32f3xx_ll_usb.o
                0x0000000008008f78                USB_WritePMA
 .text.USB_ReadPMA
                0x0000000008009004       0xa0 ./Drivers/STM32F3xx_HAL_Driver/Src/stm32f3xx_ll_usb.o
                0x0000000008009004                USB_ReadPMA
 .text.USBD_HID_Init
                0x00000000080090a4       0x4e ./Middlewares/ST/STM32_USB_Device_Library/Class/HID/Src/usbd_hid.o
 .text.USBD_HID_DeInit
                0x00000000080090f2       0x42 ./Middlewares/ST/STM32_USB_Device_Library/Class/HID/Src/usbd_hid.o
 .text.USBD_HID_Setup
                0x0000000008009134      0x1fc ./Middlewares/ST/STM32_USB_Device_Library/Class/HID/Src/usbd_hid.o
 .text.USBD_HID_GetFSCfgDesc
                0x0000000008009330       0x20 ./Middlewares/ST/STM32_USB_Device_Library/Class/HID/Src/usbd_hid.o
 .text.USBD_HID_GetHSCfgDesc
                0x0000000008009350       0x20 ./Middlewares/ST/STM32_USB_Device_Library/Class/HID/Src/usbd_hid.o
 .text.USBD_HID_GetOtherSpeedCfgDesc
                0x0000000008009370       0x20 ./Middlewares/ST/STM32_USB_Device_Library/Class/HID/Src/usbd_hid.o
 .text.USBD_HID_DataIn
                0x0000000008009390       0x24 ./Middlewares/ST/STM32_USB_Device_Library/Class/HID/Src/usbd_hid.o
 .text.USBD_HID_GetDeviceQualifierDesc
                0x00000000080093b4       0x20 ./Middlewares/ST/STM32_USB_Device_Library/Class/HID/Src/usbd_hid.o
 .text.USBD_Init
                0x00000000080093d4       0x56 ./Middlewares/ST/STM32_USB_Device_Library/Core/Src/usbd_core.o
                0x00000000080093d4                USBD_Init
 .text.USBD_RegisterClass
                0x000000000800942a       0x34 ./Middlewares/ST/STM32_USB_Device_Library/Core/Src/usbd_core.o
                0x000000000800942a                USBD_RegisterClass
 .text.USBD_Start
                0x000000000800945e       0x18 ./Middlewares/ST/STM32_USB_Device_Library/Core/Src/usbd_core.o
                0x000000000800945e                USBD_Start
 .text.USBD_RunTestMode
                0x0000000008009476       0x16 ./Middlewares/ST/STM32_USB_Device_Library/Core/Src/usbd_core.o
                0x0000000008009476                USBD_RunTestMode
 .text.USBD_SetClassConfig
                0x000000000800948c       0x3e ./Middlewares/ST/STM32_USB_Device_Library/Core/Src/usbd_core.o
                0x000000000800948c                USBD_SetClassConfig
 .text.USBD_ClrClassConfig
                0x00000000080094ca       0x26 ./Middlewares/ST/STM32_USB_Device_Library/Core/Src/usbd_core.o
                0x00000000080094ca                USBD_ClrClassConfig
 .text.USBD_LL_SetupStage
                0x00000000080094f0       0x9a ./Middlewares/ST/STM32_USB_Device_Library/Core/Src/usbd_core.o
                0x00000000080094f0                USBD_LL_SetupStage
 .text.USBD_LL_DataOutStage
                0x000000000800958a       0xe2 ./Middlewares/ST/STM32_USB_Device_Library/Core/Src/usbd_core.o
                0x000000000800958a                USBD_LL_DataOutStage
 .text.USBD_LL_DataInStage
                0x000000000800966c      0x14a ./Middlewares/ST/STM32_USB_Device_Library/Core/Src/usbd_core.o
                0x000000000800966c                USBD_LL_DataInStage
 .text.USBD_LL_Reset
                0x00000000080097b6       0x82 ./Middlewares/ST/STM32_USB_Device_Library/Core/Src/usbd_core.o
                0x00000000080097b6                USBD_LL_Reset
 .text.USBD_LL_SetSpeed
                0x0000000008009838       0x20 ./Middlewares/ST/STM32_USB_Device_Library/Core/Src/usbd_core.o
                0x0000000008009838                USBD_LL_SetSpeed
 .text.USBD_LL_Suspend
                0x0000000008009858       0x2a ./Middlewares/ST/STM32_USB_Device_Library/Core/Src/usbd_core.o
                0x0000000008009858                USBD_LL_Suspend
 .text.USBD_LL_Resume
                0x0000000008009882       0x2c ./Middlewares/ST/STM32_USB_Device_Library/Core/Src/usbd_core.o
                0x0000000008009882                USBD_LL_Resume
 .text.USBD_LL_SOF
                0x00000000080098ae       0x34 ./Middlewares/ST/STM32_USB_Device_Library/Core/Src/usbd_core.o
                0x00000000080098ae                USBD_LL_SOF
 *fill*         0x00000000080098e2        0x2 
 .text.USBD_StdDevReq
                0x00000000080098e4       0xd4 ./Middlewares/ST/STM32_USB_Device_Library/Core/Src/usbd_ctlreq.o
                0x00000000080098e4                USBD_StdDevReq
 .text.USBD_StdItfReq
                0x00000000080099b8       0x90 ./Middlewares/ST/STM32_USB_Device_Library/Core/Src/usbd_ctlreq.o
                0x00000000080099b8                USBD_StdItfReq
 .text.USBD_StdEPReq
                0x0000000008009a48      0x2c6 ./Middlewares/ST/STM32_USB_Device_Library/Core/Src/usbd_ctlreq.o
                0x0000000008009a48                USBD_StdEPReq
 *fill*         0x0000000008009d0e        0x2 
 .text.USBD_GetDescriptor
                0x0000000008009d10      0x2d0 ./Middlewares/ST/STM32_USB_Device_Library/Core/Src/usbd_ctlreq.o
 .text.USBD_SetAddress
                0x0000000008009fe0       0x86 ./Middlewares/ST/STM32_USB_Device_Library/Core/Src/usbd_ctlreq.o
 *fill*         0x000000000800a066        0x2 
 .text.USBD_SetConfig
                0x000000000800a068      0x11c ./Middlewares/ST/STM32_USB_Device_Library/Core/Src/usbd_ctlreq.o
 .text.USBD_GetConfig
                0x000000000800a184       0x6a ./Middlewares/ST/STM32_USB_Device_Library/Core/Src/usbd_ctlreq.o
 .text.USBD_GetStatus
                0x000000000800a1ee       0x66 ./Middlewares/ST/STM32_USB_Device_Library/Core/Src/usbd_ctlreq.o
 .text.USBD_SetFeature
                0x000000000800a254       0x28 ./Middlewares/ST/STM32_USB_Device_Library/Core/Src/usbd_ctlreq.o
 .text.USBD_ClrFeature
                0x000000000800a27c       0x42 ./Middlewares/ST/STM32_USB_Device_Library/Core/Src/usbd_ctlreq.o
 .text.USBD_ParseSetupRequest
                0x000000000800a2be       0x7a ./Middlewares/ST/STM32_USB_Device_Library/Core/Src/usbd_ctlreq.o
                0x000000000800a2be                USBD_ParseSetupRequest
 .text.USBD_CtlError
                0x000000000800a338       0x22 ./Middlewares/ST/STM32_USB_Device_Library/Core/Src/usbd_ctlreq.o
                0x000000000800a338                USBD_CtlError
 .text.USBD_GetString
                0x000000000800a35a       0x84 ./Middlewares/ST/STM32_USB_Device_Library/Core/Src/usbd_ctlreq.o
                0x000000000800a35a                USBD_GetString
 .text.USBD_GetLen
                0x000000000800a3de       0x30 ./Middlewares/ST/STM32_USB_Device_Library/Core/Src/usbd_ctlreq.o
 .text.USBD_CtlSendData
                0x000000000800a40e       0x38 ./Middlewares/ST/STM32_USB_Device_Library/Core/Src/usbd_ioreq.o
                0x000000000800a40e                USBD_CtlSendData
 .text.USBD_CtlContinueSendData
                0x000000000800a446       0x24 ./Middlewares/ST/STM32_USB_Device_Library/Core/Src/usbd_ioreq.o
                0x000000000800a446                USBD_CtlContinueSendData
 .text.USBD_CtlContinueRx
                0x000000000800a46a       0x24 ./Middlewares/ST/STM32_USB_Device_Library/Core/Src/usbd_ioreq.o
                0x000000000800a46a                USBD_CtlContinueRx
 .text.USBD_CtlSendStatus
                0x000000000800a48e       0x26 ./Middlewares/ST/STM32_USB_Device_Library/Core/Src/usbd_ioreq.o
                0x000000000800a48e                USBD_CtlSendStatus
 .text.USBD_CtlReceiveStatus
                0x000000000800a4b4       0x26 ./Middlewares/ST/STM32_USB_Device_Library/Core/Src/usbd_ioreq.o
                0x000000000800a4b4                USBD_CtlReceiveStatus
 *fill*         0x000000000800a4da        0x2 
 .text.MX_USB_DEVICE_Init
                0x000000000800a4dc       0x4c ./USB_DEVICE/App/usb_device.o
                0x000000000800a4dc                MX_USB_DEVICE_Init
 .text.USBD_FS_DeviceDescriptor
                0x000000000800a528       0x24 ./USB_DEVICE/App/usbd_desc.o
                0x000000000800a528                USBD_FS_DeviceDescriptor
 .text.USBD_FS_LangIDStrDescriptor
                0x000000000800a54c       0x24 ./USB_DEVICE/App/usbd_desc.o
                0x000000000800a54c                USBD_FS_LangIDStrDescriptor
 .text.USBD_FS_ProductStrDescriptor
                0x000000000800a570       0x3c ./USB_DEVICE/App/usbd_desc.o
                0x000000000800a570                USBD_FS_ProductStrDescriptor
 .text.USBD_FS_ManufacturerStrDescriptor
                0x000000000800a5ac       0x28 ./USB_DEVICE/App/usbd_desc.o
                0x000000000800a5ac                USBD_FS_ManufacturerStrDescriptor
 .text.USBD_FS_SerialStrDescriptor
                0x000000000800a5d4       0x24 ./USB_DEVICE/App/usbd_desc.o
                0x000000000800a5d4                USBD_FS_SerialStrDescriptor
 .text.USBD_FS_ConfigStrDescriptor
                0x000000000800a5f8       0x3c ./USB_DEVICE/App/usbd_desc.o
                0x000000000800a5f8                USBD_FS_ConfigStrDescriptor
 .text.USBD_FS_InterfaceStrDescriptor
                0x000000000800a634       0x3c ./USB_DEVICE/App/usbd_desc.o
                0x000000000800a634                USBD_FS_InterfaceStrDescriptor
 .text.Get_SerialNum
                0x000000000800a670       0x58 ./USB_DEVICE/App/usbd_desc.o
 .text.IntToUnicode
                0x000000000800a6c8       0x7e ./USB_DEVICE/App/usbd_desc.o
 *fill*         0x000000000800a746        0x2 
 .text.HAL_PCD_MspInit
                0x000000000800a748       0x98 ./USB_DEVICE/Target/usbd_conf.o
                0x000000000800a748                HAL_PCD_MspInit
 .text.HAL_PCD_SetupStageCallback
                0x000000000800a7e0       0x24 ./USB_DEVICE/Target/usbd_conf.o
                0x000000000800a7e0                HAL_PCD_SetupStageCallback
 .text.HAL_PCD_DataOutStageCallback
                0x000000000800a804       0x36 ./USB_DEVICE/Target/usbd_conf.o
                0x000000000800a804                HAL_PCD_DataOutStageCallback
 .text.HAL_PCD_DataInStageCallback
                0x000000000800a83a       0x34 ./USB_DEVICE/Target/usbd_conf.o
                0x000000000800a83a                HAL_PCD_DataInStageCallback
 .text.HAL_PCD_SOFCallback
                0x000000000800a86e       0x1c ./USB_DEVICE/Target/usbd_conf.o
                0x000000000800a86e                HAL_PCD_SOFCallback
 .text.HAL_PCD_ResetCallback
                0x000000000800a88a       0x3c ./USB_DEVICE/Target/usbd_conf.o
                0x000000000800a88a                HAL_PCD_ResetCallback
 *fill*         0x000000000800a8c6        0x2 
 .text.HAL_PCD_SuspendCallback
                0x000000000800a8c8       0x34 ./USB_DEVICE/Target/usbd_conf.o
                0x000000000800a8c8                HAL_PCD_SuspendCallback
 .text.HAL_PCD_ResumeCallback
                0x000000000800a8fc       0x1c ./USB_DEVICE/Target/usbd_conf.o
                0x000000000800a8fc                HAL_PCD_ResumeCallback
 .text.USBD_LL_Init
                0x000000000800a918       0x90 ./USB_DEVICE/Target/usbd_conf.o
                0x000000000800a918                USBD_LL_Init
 .text.USBD_LL_Start
                0x000000000800a9a8       0x36 ./USB_DEVICE/Target/usbd_conf.o
                0x000000000800a9a8                USBD_LL_Start
 .text.USBD_LL_OpenEP
                0x000000000800a9de       0x4c ./USB_DEVICE/Target/usbd_conf.o
                0x000000000800a9de                USBD_LL_OpenEP
 .text.USBD_LL_CloseEP
                0x000000000800aa2a       0x3e ./USB_DEVICE/Target/usbd_conf.o
                0x000000000800aa2a                USBD_LL_CloseEP
 .text.USBD_LL_StallEP
                0x000000000800aa68       0x3e ./USB_DEVICE/Target/usbd_conf.o
                0x000000000800aa68                USBD_LL_StallEP
 .text.USBD_LL_ClearStallEP
                0x000000000800aaa6       0x3e ./USB_DEVICE/Target/usbd_conf.o
                0x000000000800aaa6                USBD_LL_ClearStallEP
 .text.USBD_LL_IsStallEP
                0x000000000800aae4       0x5a ./USB_DEVICE/Target/usbd_conf.o
                0x000000000800aae4                USBD_LL_IsStallEP
 .text.USBD_LL_SetUSBAddress
                0x000000000800ab3e       0x3e ./USB_DEVICE/Target/usbd_conf.o
                0x000000000800ab3e                USBD_LL_SetUSBAddress
 .text.USBD_LL_Transmit
                0x000000000800ab7c       0x46 ./USB_DEVICE/Target/usbd_conf.o
                0x000000000800ab7c                USBD_LL_Transmit
 .text.USBD_LL_PrepareReceive
                0x000000000800abc2       0x46 ./USB_DEVICE/Target/usbd_conf.o
                0x000000000800abc2                USBD_LL_PrepareReceive
 .text.USBD_static_malloc
                0x000000000800ac08       0x1c ./USB_DEVICE/Target/usbd_conf.o
                0x000000000800ac08                USBD_static_malloc
 .text.USBD_static_free
                0x000000000800ac24       0x14 ./USB_DEVICE/Target/usbd_conf.o
                0x000000000800ac24                USBD_static_free
 .text.HAL_PCDEx_SetConnectionState
                0x000000000800ac38       0x18 ./USB_DEVICE/Target/usbd_conf.o
                0x000000000800ac38                HAL_PCDEx_SetConnectionState
 .text.USBD_Get_USB_Status
                0x000000000800ac50       0x58 ./USB_DEVICE/Target/usbd_conf.o
 .text.__libc_init_array
                0x000000000800aca8       0x48 c:/st/stm32cubeide_1.9.0/stm32cubeide/plugins/com.st.stm32cube.ide.mcu.externaltools.gnu-tools-for-stm32.10.3-2021.10.win32_1.0.200.202301161003/tools/bin/../lib/gcc/arm-none-eabi/10.3.1/../../../../arm-none-eabi/lib/thumb/v7e-m+fp/hard\libc_nano.a(lib_a-init.o)
                0x000000000800aca8                __libc_init_array
 .text.memset   0x000000000800acf0       0x10 c:/st/stm32cubeide_1.9.0/stm32cubeide/plugins/com.st.stm32cube.ide.mcu.externaltools.gnu-tools-for-stm32.10.3-2021.10.win32_1.0.200.202301161003/tools/bin/../lib/gcc/arm-none-eabi/10.3.1/../../../../arm-none-eabi/lib/thumb/v7e-m+fp/hard\libc_nano.a(lib_a-memset.o)
                0x000000000800acf0                memset
 *(.glue_7)
 .glue_7        0x000000000800ad00        0x0 linker stubs
 *(.glue_7t)
 .glue_7t       0x000000000800ad00        0x0 linker stubs
 *(.eh_frame)
 .eh_frame      0x000000000800ad00        0x0 c:/st/stm32cubeide_1.9.0/stm32cubeide/plugins/com.st.stm32cube.ide.mcu.externaltools.gnu-tools-for-stm32.10.3-2021.10.win32_1.0.200.202301161003/tools/bin/../lib/gcc/arm-none-eabi/10.3.1/thumb/v7e-m+fp/hard/crtbegin.o
 *(.init)
 .init          0x000000000800ad00        0x4 c:/st/stm32cubeide_1.9.0/stm32cubeide/plugins/com.st.stm32cube.ide.mcu.externaltools.gnu-tools-for-stm32.10.3-2021.10.win32_1.0.200.202301161003/tools/bin/../lib/gcc/arm-none-eabi/10.3.1/thumb/v7e-m+fp/hard/crti.o
                0x000000000800ad00                _init
 .init          0x000000000800ad04        0x8 c:/st/stm32cubeide_1.9.0/stm32cubeide/plugins/com.st.stm32cube.ide.mcu.externaltools.gnu-tools-for-stm32.10.3-2021.10.win32_1.0.200.202301161003/tools/bin/../lib/gcc/arm-none-eabi/10.3.1/thumb/v7e-m+fp/hard/crtn.o
 *(.fini)
 .fini          0x000000000800ad0c        0x4 c:/st/stm32cubeide_1.9.0/stm32cubeide/plugins/com.st.stm32cube.ide.mcu.externaltools.gnu-tools-for-stm32.10.3-2021.10.win32_1.0.200.202301161003/tools/bin/../lib/gcc/arm-none-eabi/10.3.1/thumb/v7e-m+fp/hard/crti.o
                0x000000000800ad0c                _fini
 .fini          0x000000000800ad10        0x8 c:/st/stm32cubeide_1.9.0/stm32cubeide/plugins/com.st.stm32cube.ide.mcu.externaltools.gnu-tools-for-stm32.10.3-2021.10.win32_1.0.200.202301161003/tools/bin/../lib/gcc/arm-none-eabi/10.3.1/thumb/v7e-m+fp/hard/crtn.o
                0x000000000800ad18                . = ALIGN (0x4)
                0x000000000800ad18                _etext = .

.vfp11_veneer   0x000000000800ad18        0x0
 .vfp11_veneer  0x000000000800ad18        0x0 linker stubs

.v4_bx          0x000000000800ad18        0x0
 .v4_bx         0x000000000800ad18        0x0 linker stubs

.iplt           0x000000000800ad18        0x0
 .iplt          0x000000000800ad18        0x0 c:/st/stm32cubeide_1.9.0/stm32cubeide/plugins/com.st.stm32cube.ide.mcu.externaltools.gnu-tools-for-stm32.10.3-2021.10.win32_1.0.200.202301161003/tools/bin/../lib/gcc/arm-none-eabi/10.3.1/thumb/v7e-m+fp/hard/crtbegin.o

.rodata         0x000000000800ad18       0x90
                0x000000000800ad18                . = ALIGN (0x4)
 *(.rodata)
 .rodata        0x000000000800ad18       0x10 ./Core/Src/main.o
 .rodata        0x000000000800ad28       0x46 ./USB_DEVICE/App/usbd_desc.o
 *(.rodata*)
 *fill*         0x000000000800ad6e        0x2 
 .rodata.AHBPrescTable
                0x000000000800ad70       0x10 ./Core/Src/system_stm32f3xx.o
                0x000000000800ad70                AHBPrescTable
 .rodata.APBPrescTable
                0x000000000800ad80        0x8 ./Core/Src/system_stm32f3xx.o
                0x000000000800ad80                APBPrescTable
 .rodata.aPLLMULFactorTable
                0x000000000800ad88       0x10 ./Drivers/STM32F3xx_HAL_Driver/Src/stm32f3xx_hal_rcc.o
 .rodata.aPredivFactorTable
                0x000000000800ad98       0x10 ./Drivers/STM32F3xx_HAL_Driver/Src/stm32f3xx_hal_rcc.o
                0x000000000800ada8                . = ALIGN (0x4)

.rel.dyn        0x000000000800ada8        0x0
 .rel.iplt      0x000000000800ada8        0x0 c:/st/stm32cubeide_1.9.0/stm32cubeide/plugins/com.st.stm32cube.ide.mcu.externaltools.gnu-tools-for-stm32.10.3-2021.10.win32_1.0.200.202301161003/tools/bin/../lib/gcc/arm-none-eabi/10.3.1/thumb/v7e-m+fp/hard/crtbegin.o

.ARM.extab      0x000000000800ada8        0x0
                0x000000000800ada8                . = ALIGN (0x4)
 *(.ARM.extab* .gnu.linkonce.armextab.*)
                0x000000000800ada8                . = ALIGN (0x4)

.ARM            0x000000000800ada8        0x0
                0x000000000800ada8                . = ALIGN (0x4)
                0x000000000800ada8                __exidx_start = .
 *(.ARM.exidx*)
                0x000000000800ada8                __exidx_end = .
                0x000000000800ada8                . = ALIGN (0x4)

.preinit_array  0x000000000800ada8        0x0
                0x000000000800ada8                . = ALIGN (0x4)
                0x000000000800ada8                PROVIDE (__preinit_array_start = .)
 *(.preinit_array*)
                0x000000000800ada8                PROVIDE (__preinit_array_end = .)
                0x000000000800ada8                . = ALIGN (0x4)

.init_array     0x000000000800ada8        0x4
                0x000000000800ada8                . = ALIGN (0x4)
                0x000000000800ada8                PROVIDE (__init_array_start = .)
 *(SORT_BY_NAME(.init_array.*))
 *(.init_array*)
 .init_array    0x000000000800ada8        0x4 c:/st/stm32cubeide_1.9.0/stm32cubeide/plugins/com.st.stm32cube.ide.mcu.externaltools.gnu-tools-for-stm32.10.3-2021.10.win32_1.0.200.202301161003/tools/bin/../lib/gcc/arm-none-eabi/10.3.1/thumb/v7e-m+fp/hard/crtbegin.o
                0x000000000800adac                PROVIDE (__init_array_end = .)
                0x000000000800adac                . = ALIGN (0x4)

.fini_array     0x000000000800adac        0x4
                0x000000000800adac                . = ALIGN (0x4)
                [!provide]                        PROVIDE (__fini_array_start = .)
 *(SORT_BY_NAME(.fini_array.*))
 *(.fini_array*)
 .fini_array    0x000000000800adac        0x4 c:/st/stm32cubeide_1.9.0/stm32cubeide/plugins/com.st.stm32cube.ide.mcu.externaltools.gnu-tools-for-stm32.10.3-2021.10.win32_1.0.200.202301161003/tools/bin/../lib/gcc/arm-none-eabi/10.3.1/thumb/v7e-m+fp/hard/crtbegin.o
                [!provide]                        PROVIDE (__fini_array_end = .)
                0x000000000800adb0                . = ALIGN (0x4)
                0x000000000800adb0                _sidata = LOADADDR (.data)

.data           0x0000000020000000      0x164 load address 0x000000000800adb0
                0x0000000020000000                . = ALIGN (0x4)
                0x0000000020000000                _sdata = .
 *(.data)
 *(.data*)
 .data.SystemCoreClock
                0x0000000020000000        0x4 ./Core/Src/system_stm32f3xx.o
                0x0000000020000000                SystemCoreClock
 .data.uwTickPrio
                0x0000000020000004        0x4 ./Drivers/STM32F3xx_HAL_Driver/Src/stm32f3xx_hal.o
                0x0000000020000004                uwTickPrio
 .data.uwTickFreq
                0x0000000020000008        0x1 ./Drivers/STM32F3xx_HAL_Driver/Src/stm32f3xx_hal.o
                0x0000000020000008                uwTickFreq
 *fill*         0x0000000020000009        0x3 
 .data.USBD_HID
                0x000000002000000c       0x38 ./Middlewares/ST/STM32_USB_Device_Library/Class/HID/Src/usbd_hid.o
                0x000000002000000c                USBD_HID
 .data.USBD_HID_CfgFSDesc
                0x0000000020000044       0x22 ./Middlewares/ST/STM32_USB_Device_Library/Class/HID/Src/usbd_hid.o
 *fill*         0x0000000020000066        0x2 
 .data.USBD_HID_CfgHSDesc
                0x0000000020000068       0x22 ./Middlewares/ST/STM32_USB_Device_Library/Class/HID/Src/usbd_hid.o
 *fill*         0x000000002000008a        0x2 
 .data.USBD_HID_OtherSpeedCfgDesc
                0x000000002000008c       0x22 ./Middlewares/ST/STM32_USB_Device_Library/Class/HID/Src/usbd_hid.o
 *fill*         0x00000000200000ae        0x2 
 .data.USBD_HID_Desc
                0x00000000200000b0        0x9 ./Middlewares/ST/STM32_USB_Device_Library/Class/HID/Src/usbd_hid.o
 *fill*         0x00000000200000b9        0x3 
 .data.USBD_HID_DeviceQualifierDesc
                0x00000000200000bc        0xa ./Middlewares/ST/STM32_USB_Device_Library/Class/HID/Src/usbd_hid.o
 *fill*         0x00000000200000c6        0x2 
 .data.HID_MOUSE_ReportDesc
                0x00000000200000c8       0x4a ./Middlewares/ST/STM32_USB_Device_Library/Class/HID/Src/usbd_hid.o
 *fill*         0x0000000020000112        0x2 
 .data.FS_Desc  0x0000000020000114       0x1c ./USB_DEVICE/App/usbd_desc.o
                0x0000000020000114                FS_Desc
 .data.USBD_FS_DeviceDesc
                0x0000000020000130       0x12 ./USB_DEVICE/App/usbd_desc.o
                0x0000000020000130                USBD_FS_DeviceDesc
 *fill*         0x0000000020000142        0x2 
 .data.USBD_LangIDDesc
                0x0000000020000144        0x4 ./USB_DEVICE/App/usbd_desc.o
                0x0000000020000144                USBD_LangIDDesc
 .data.USBD_StringSerial
                0x0000000020000148       0x1a ./USB_DEVICE/App/usbd_desc.o
                0x0000000020000148                USBD_StringSerial
 *(.RamFunc)
 *(.RamFunc*)
                0x0000000020000164                . = ALIGN (0x4)
 *fill*         0x0000000020000162        0x2 
                0x0000000020000164                _edata = .
                0x000000000800af14                _siccmram = LOADADDR (.ccmram)

.igot.plt       0x0000000020000164        0x0 load address 0x000000000800af14
 .igot.plt      0x0000000020000164        0x0 c:/st/stm32cubeide_1.9.0/stm32cubeide/plugins/com.st.stm32cube.ide.mcu.externaltools.gnu-tools-for-stm32.10.3-2021.10.win32_1.0.200.202301161003/tools/bin/../lib/gcc/arm-none-eabi/10.3.1/thumb/v7e-m+fp/hard/crtbegin.o

.ccmram         0x0000000010000000        0x0 load address 0x000000000800af14
                0x0000000010000000                . = ALIGN (0x4)
                0x0000000010000000                _sccmram = .
 *(.ccmram)
 *(.ccmram*)
                0x0000000010000000                . = ALIGN (0x4)
                0x0000000010000000                _eccmram = .
                0x0000000010000000                . = ALIGN (0x4)

.bss            0x0000000020000164      0xa00
                0x0000000020000164                _sbss = .
                0x0000000020000164                __bss_start__ = _sbss
 *(.bss)
 .bss           0x0000000020000164       0x1c c:/st/stm32cubeide_1.9.0/stm32cubeide/plugins/com.st.stm32cube.ide.mcu.externaltools.gnu-tools-for-stm32.10.3-2021.10.win32_1.0.200.202301161003/tools/bin/../lib/gcc/arm-none-eabi/10.3.1/thumb/v7e-m+fp/hard/crtbegin.o
 *(.bss*)
 .bss.hi2c1     0x0000000020000180       0x54 ./Core/Src/main.o
                0x0000000020000180                hi2c1
 .bss.hspi1     0x00000000200001d4       0x64 ./Core/Src/main.o
                0x00000000200001d4                hspi1
 .bss.htim1     0x0000000020000238       0x4c ./Core/Src/main.o
                0x0000000020000238                htim1
 .bss.htim4     0x0000000020000284       0x4c ./Core/Src/main.o
                0x0000000020000284                htim4
 .bss.huart1    0x00000000200002d0       0x88 ./Core/Src/main.o
                0x00000000200002d0                huart1
 .bss.encoder   0x0000000020000358        0xc ./Core/Src/main.o
                0x0000000020000358                encoder
 .bss.pid       0x0000000020000364       0x14 ./Core/Src/main.o
                0x0000000020000364                pid
 .bss.motor     0x0000000020000378       0x20 ./Core/Src/main.o
                0x0000000020000378                motor
 .bss.uwTick    0x0000000020000398        0x4 ./Drivers/STM32F3xx_HAL_Driver/Src/stm32f3xx_hal.o
                0x0000000020000398                uwTick
 .bss.cfgidx.0  0x000000002000039c        0x1 ./Middlewares/ST/STM32_USB_Device_Library/Core/Src/usbd_ctlreq.o
 *fill*         0x000000002000039d        0x3 
 .bss.hUsbDeviceFS
                0x00000000200003a0      0x2c4 ./USB_DEVICE/App/usb_device.o
                0x00000000200003a0                hUsbDeviceFS
 .bss.USBD_StrDesc
                0x0000000020000664      0x200 ./USB_DEVICE/App/usbd_desc.o
                0x0000000020000664                USBD_StrDesc
 .bss.hpcd_USB_FS
                0x0000000020000864      0x2ec ./USB_DEVICE/Target/usbd_conf.o
                0x0000000020000864                hpcd_USB_FS
 .bss.mem.0     0x0000000020000b50       0x14 ./USB_DEVICE/Target/usbd_conf.o
 *(COMMON)
                0x0000000020000b64                . = ALIGN (0x4)
                0x0000000020000b64                _ebss = .
                0x0000000020000b64                __bss_end__ = _ebss

._user_heap_stack
                0x0000000020000b64      0x604
                0x0000000020000b68                . = ALIGN (0x8)
 *fill*         0x0000000020000b64        0x4 
                [!provide]                        PROVIDE (end = .)
                0x0000000020000b68                PROVIDE (_end = .)
                0x0000000020000d68                . = (. + _Min_Heap_Size)
 *fill*         0x0000000020000b68      0x200 
                0x0000000020001168                . = (. + _Min_Stack_Size)
 *fill*         0x0000000020000d68      0x400 
                0x0000000020001168                . = ALIGN (0x8)

/DISCARD/
 libc.a(*)
 libm.a(*)
 libgcc.a(*)

.ARM.attributes
                0x0000000000000000       0x30
 *(.ARM.attributes)
 .ARM.attributes
                0x0000000000000000       0x1e c:/st/stm32cubeide_1.9.0/stm32cubeide/plugins/com.st.stm32cube.ide.mcu.externaltools.gnu-tools-for-stm32.10.3-2021.10.win32_1.0.200.202301161003/tools/bin/../lib/gcc/arm-none-eabi/10.3.1/thumb/v7e-m+fp/hard/crti.o
 .ARM.attributes
                0x000000000000001e       0x34 c:/st/stm32cubeide_1.9.0/stm32cubeide/plugins/com.st.stm32cube.ide.mcu.externaltools.gnu-tools-for-stm32.10.3-2021.10.win32_1.0.200.202301161003/tools/bin/../lib/gcc/arm-none-eabi/10.3.1/thumb/v7e-m+fp/hard/crtbegin.o
 .ARM.attributes
                0x0000000000000052       0x34 ./Common/Src/pid.o
 .ARM.attributes
                0x0000000000000086       0x34 ./Common/Src/rotary_encoder.o
 .ARM.attributes
                0x00000000000000ba       0x34 ./Common/Src/utilities.o
 .ARM.attributes
                0x00000000000000ee       0x34 ./Core/Src/devices/motor.o
 .ARM.attributes
                0x0000000000000122       0x34 ./Core/Src/main.o
 .ARM.attributes
                0x0000000000000156       0x34 ./Core/Src/stm32f3xx_hal_msp.o
 .ARM.attributes
                0x000000000000018a       0x34 ./Core/Src/stm32f3xx_it.o
 .ARM.attributes
                0x00000000000001be       0x34 ./Core/Src/system_stm32f3xx.o
 .ARM.attributes
                0x00000000000001f2       0x21 ./Core/Startup/startup_stm32f303vctx.o
 .ARM.attributes
                0x0000000000000213       0x34 ./Drivers/STM32F3xx_HAL_Driver/Src/stm32f3xx_hal.o
 .ARM.attributes
                0x0000000000000247       0x34 ./Drivers/STM32F3xx_HAL_Driver/Src/stm32f3xx_hal_cortex.o
 .ARM.attributes
                0x000000000000027b       0x34 ./Drivers/STM32F3xx_HAL_Driver/Src/stm32f3xx_hal_gpio.o
 .ARM.attributes
                0x00000000000002af       0x34 ./Drivers/STM32F3xx_HAL_Driver/Src/stm32f3xx_hal_i2c.o
 .ARM.attributes
                0x00000000000002e3       0x34 ./Drivers/STM32F3xx_HAL_Driver/Src/stm32f3xx_hal_i2c_ex.o
 .ARM.attributes
                0x0000000000000317       0x34 ./Drivers/STM32F3xx_HAL_Driver/Src/stm32f3xx_hal_pcd.o
 .ARM.attributes
                0x000000000000034b       0x34 ./Drivers/STM32F3xx_HAL_Driver/Src/stm32f3xx_hal_pcd_ex.o
 .ARM.attributes
                0x000000000000037f       0x34 ./Drivers/STM32F3xx_HAL_Driver/Src/stm32f3xx_hal_rcc.o
 .ARM.attributes
                0x00000000000003b3       0x34 ./Drivers/STM32F3xx_HAL_Driver/Src/stm32f3xx_hal_rcc_ex.o
 .ARM.attributes
                0x00000000000003e7       0x34 ./Drivers/STM32F3xx_HAL_Driver/Src/stm32f3xx_hal_spi.o
 .ARM.attributes
                0x000000000000041b       0x34 ./Drivers/STM32F3xx_HAL_Driver/Src/stm32f3xx_hal_tim.o
 .ARM.attributes
                0x000000000000044f       0x34 ./Drivers/STM32F3xx_HAL_Driver/Src/stm32f3xx_hal_tim_ex.o
 .ARM.attributes
                0x0000000000000483       0x34 ./Drivers/STM32F3xx_HAL_Driver/Src/stm32f3xx_hal_uart.o
 .ARM.attributes
                0x00000000000004b7       0x34 ./Drivers/STM32F3xx_HAL_Driver/Src/stm32f3xx_ll_usb.o
 .ARM.attributes
                0x00000000000004eb       0x34 ./Middlewares/ST/STM32_USB_Device_Library/Class/HID/Src/usbd_hid.o
 .ARM.attributes
                0x000000000000051f       0x34 ./Middlewares/ST/STM32_USB_Device_Library/Core/Src/usbd_core.o
 .ARM.attributes
                0x0000000000000553       0x34 ./Middlewares/ST/STM32_USB_Device_Library/Core/Src/usbd_ctlreq.o
 .ARM.attributes
                0x0000000000000587       0x34 ./Middlewares/ST/STM32_USB_Device_Library/Core/Src/usbd_ioreq.o
 .ARM.attributes
                0x00000000000005bb       0x34 ./USB_DEVICE/App/usb_device.o
 .ARM.attributes
                0x00000000000005ef       0x34 ./USB_DEVICE/App/usbd_desc.o
 .ARM.attributes
                0x0000000000000623       0x34 ./USB_DEVICE/Target/usbd_conf.o
 .ARM.attributes
                0x0000000000000657       0x34 c:/st/stm32cubeide_1.9.0/stm32cubeide/plugins/com.st.stm32cube.ide.mcu.externaltools.gnu-tools-for-stm32.10.3-2021.10.win32_1.0.200.202301161003/tools/bin/../lib/gcc/arm-none-eabi/10.3.1/../../../../arm-none-eabi/lib/thumb/v7e-m+fp/hard\libc_nano.a(lib_a-init.o)
 .ARM.attributes
                0x000000000000068b       0x34 c:/st/stm32cubeide_1.9.0/stm32cubeide/plugins/com.st.stm32cube.ide.mcu.externaltools.gnu-tools-for-stm32.10.3-2021.10.win32_1.0.200.202301161003/tools/bin/../lib/gcc/arm-none-eabi/10.3.1/../../../../arm-none-eabi/lib/thumb/v7e-m+fp/hard\libc_nano.a(lib_a-memset.o)
 .ARM.attributes
                0x00000000000006bf       0x1e c:/st/stm32cubeide_1.9.0/stm32cubeide/plugins/com.st.stm32cube.ide.mcu.externaltools.gnu-tools-for-stm32.10.3-2021.10.win32_1.0.200.202301161003/tools/bin/../lib/gcc/arm-none-eabi/10.3.1/thumb/v7e-m+fp/hard/crtn.o
OUTPUT(Force Feedback Yoke Test.elf elf32-littlearm)
LOAD linker stubs
LOAD c:/st/stm32cubeide_1.9.0/stm32cubeide/plugins/com.st.stm32cube.ide.mcu.externaltools.gnu-tools-for-stm32.10.3-2021.10.win32_1.0.200.202301161003/tools/bin/../lib/gcc/arm-none-eabi/10.3.1/../../../../arm-none-eabi/lib/thumb/v7e-m+fp/hard\libc.a
LOAD c:/st/stm32cubeide_1.9.0/stm32cubeide/plugins/com.st.stm32cube.ide.mcu.externaltools.gnu-tools-for-stm32.10.3-2021.10.win32_1.0.200.202301161003/tools/bin/../lib/gcc/arm-none-eabi/10.3.1/../../../../arm-none-eabi/lib/thumb/v7e-m+fp/hard\libm.a
LOAD c:/st/stm32cubeide_1.9.0/stm32cubeide/plugins/com.st.stm32cube.ide.mcu.externaltools.gnu-tools-for-stm32.10.3-2021.10.win32_1.0.200.202301161003/tools/bin/../lib/gcc/arm-none-eabi/10.3.1/thumb/v7e-m+fp/hard\libgcc.a

.debug_info     0x0000000000000000    0x1cfb4
 .debug_info    0x0000000000000000      0x14e ./Common/Src/pid.o
 .debug_info    0x000000000000014e      0x202 ./Common/Src/rotary_encoder.o
 .debug_info    0x0000000000000350      0x163 ./Common/Src/utilities.o
 .debug_info    0x00000000000004b3      0xace ./Core/Src/devices/motor.o
 .debug_info    0x0000000000000f81     0x1e64 ./Core/Src/main.o
 .debug_info    0x0000000000002de5     0x1769 ./Core/Src/stm32f3xx_hal_msp.o
 .debug_info    0x000000000000454e      0xc12 ./Core/Src/stm32f3xx_it.o
 .debug_info    0x0000000000005160      0x416 ./Core/Src/system_stm32f3xx.o
 .debug_info    0x0000000000005576       0x22 ./Core/Startup/startup_stm32f303vctx.o
 .debug_info    0x0000000000005598      0x807 ./Drivers/STM32F3xx_HAL_Driver/Src/stm32f3xx_hal.o
 .debug_info    0x0000000000005d9f      0xd85 ./Drivers/STM32F3xx_HAL_Driver/Src/stm32f3xx_hal_cortex.o
 .debug_info    0x0000000000006b24      0x68a ./Drivers/STM32F3xx_HAL_Driver/Src/stm32f3xx_hal_gpio.o
 .debug_info    0x00000000000071ae     0x226b ./Drivers/STM32F3xx_HAL_Driver/Src/stm32f3xx_hal_i2c.o
 .debug_info    0x0000000000009419      0x8ab ./Drivers/STM32F3xx_HAL_Driver/Src/stm32f3xx_hal_i2c_ex.o
 .debug_info    0x0000000000009cc4     0x1784 ./Drivers/STM32F3xx_HAL_Driver/Src/stm32f3xx_hal_pcd.o
 .debug_info    0x000000000000b448      0x70c ./Drivers/STM32F3xx_HAL_Driver/Src/stm32f3xx_hal_pcd_ex.o
 .debug_info    0x000000000000bb54     0x1585 ./Drivers/STM32F3xx_HAL_Driver/Src/stm32f3xx_hal_rcc.o
 .debug_info    0x000000000000d0d9      0x628 ./Drivers/STM32F3xx_HAL_Driver/Src/stm32f3xx_hal_rcc_ex.o
 .debug_info    0x000000000000d701     0x178c ./Drivers/STM32F3xx_HAL_Driver/Src/stm32f3xx_hal_spi.o
 .debug_info    0x000000000000ee8d     0x2cdb ./Drivers/STM32F3xx_HAL_Driver/Src/stm32f3xx_hal_tim.o
 .debug_info    0x0000000000011b68     0x16a8 ./Drivers/STM32F3xx_HAL_Driver/Src/stm32f3xx_hal_tim_ex.o
 .debug_info    0x0000000000013210     0x3bf8 ./Drivers/STM32F3xx_HAL_Driver/Src/stm32f3xx_hal_uart.o
 .debug_info    0x0000000000016e08     0x16f1 ./Drivers/STM32F3xx_HAL_Driver/Src/stm32f3xx_ll_usb.o
 .debug_info    0x00000000000184f9      0x995 ./Middlewares/ST/STM32_USB_Device_Library/Class/HID/Src/usbd_hid.o
 .debug_info    0x0000000000018e8e      0xb02 ./Middlewares/ST/STM32_USB_Device_Library/Core/Src/usbd_core.o
 .debug_info    0x0000000000019990      0x9b6 ./Middlewares/ST/STM32_USB_Device_Library/Core/Src/usbd_ctlreq.o
 .debug_info    0x000000000001a346      0x715 ./Middlewares/ST/STM32_USB_Device_Library/Core/Src/usbd_ioreq.o
 .debug_info    0x000000000001aa5b      0x59c ./USB_DEVICE/App/usb_device.o
 .debug_info    0x000000000001aff7      0x484 ./USB_DEVICE/App/usbd_desc.o
 .debug_info    0x000000000001b47b     0x1b39 ./USB_DEVICE/Target/usbd_conf.o

.debug_abbrev   0x0000000000000000     0x3c66
 .debug_abbrev  0x0000000000000000       0xf4 ./Common/Src/pid.o
 .debug_abbrev  0x00000000000000f4      0x117 ./Common/Src/rotary_encoder.o
 .debug_abbrev  0x000000000000020b       0xc7 ./Common/Src/utilities.o
 .debug_abbrev  0x00000000000002d2      0x22d ./Core/Src/devices/motor.o
 .debug_abbrev  0x00000000000004ff      0x306 ./Core/Src/main.o
 .debug_abbrev  0x0000000000000805      0x238 ./Core/Src/stm32f3xx_hal_msp.o
 .debug_abbrev  0x0000000000000a3d      0x1b5 ./Core/Src/stm32f3xx_it.o
 .debug_abbrev  0x0000000000000bf2      0x116 ./Core/Src/system_stm32f3xx.o
 .debug_abbrev  0x0000000000000d08       0x12 ./Core/Startup/startup_stm32f303vctx.o
 .debug_abbrev  0x0000000000000d1a      0x20e ./Drivers/STM32F3xx_HAL_Driver/Src/stm32f3xx_hal.o
 .debug_abbrev  0x0000000000000f28      0x316 ./Drivers/STM32F3xx_HAL_Driver/Src/stm32f3xx_hal_cortex.o
 .debug_abbrev  0x000000000000123e      0x1bb ./Drivers/STM32F3xx_HAL_Driver/Src/stm32f3xx_hal_gpio.o
 .debug_abbrev  0x00000000000013f9      0x24a ./Drivers/STM32F3xx_HAL_Driver/Src/stm32f3xx_hal_i2c.o
 .debug_abbrev  0x0000000000001643      0x1b0 ./Drivers/STM32F3xx_HAL_Driver/Src/stm32f3xx_hal_i2c_ex.o
 .debug_abbrev  0x00000000000017f3      0x2c0 ./Drivers/STM32F3xx_HAL_Driver/Src/stm32f3xx_hal_pcd.o
 .debug_abbrev  0x0000000000001ab3      0x17f ./Drivers/STM32F3xx_HAL_Driver/Src/stm32f3xx_hal_pcd_ex.o
 .debug_abbrev  0x0000000000001c32      0x2f9 ./Drivers/STM32F3xx_HAL_Driver/Src/stm32f3xx_hal_rcc.o
 .debug_abbrev  0x0000000000001f2b      0x240 ./Drivers/STM32F3xx_HAL_Driver/Src/stm32f3xx_hal_rcc_ex.o
 .debug_abbrev  0x000000000000216b      0x254 ./Drivers/STM32F3xx_HAL_Driver/Src/stm32f3xx_hal_spi.o
 .debug_abbrev  0x00000000000023bf      0x264 ./Drivers/STM32F3xx_HAL_Driver/Src/stm32f3xx_hal_tim.o
 .debug_abbrev  0x0000000000002623      0x26c ./Drivers/STM32F3xx_HAL_Driver/Src/stm32f3xx_hal_tim_ex.o
 .debug_abbrev  0x000000000000288f      0x2bc ./Drivers/STM32F3xx_HAL_Driver/Src/stm32f3xx_hal_uart.o
 .debug_abbrev  0x0000000000002b4b      0x22f ./Drivers/STM32F3xx_HAL_Driver/Src/stm32f3xx_ll_usb.o
 .debug_abbrev  0x0000000000002d7a      0x258 ./Middlewares/ST/STM32_USB_Device_Library/Class/HID/Src/usbd_hid.o
 .debug_abbrev  0x0000000000002fd2      0x236 ./Middlewares/ST/STM32_USB_Device_Library/Core/Src/usbd_core.o
 .debug_abbrev  0x0000000000003208      0x257 ./Middlewares/ST/STM32_USB_Device_Library/Core/Src/usbd_ctlreq.o
 .debug_abbrev  0x000000000000345f      0x183 ./Middlewares/ST/STM32_USB_Device_Library/Core/Src/usbd_ioreq.o
 .debug_abbrev  0x00000000000035e2      0x17a ./USB_DEVICE/App/usb_device.o
 .debug_abbrev  0x000000000000375c      0x1fa ./USB_DEVICE/App/usbd_desc.o
 .debug_abbrev  0x0000000000003956      0x310 ./USB_DEVICE/Target/usbd_conf.o

.debug_aranges  0x0000000000000000     0x17c0
 .debug_aranges
                0x0000000000000000       0x30 ./Common/Src/pid.o
 .debug_aranges
                0x0000000000000030       0x40 ./Common/Src/rotary_encoder.o
 .debug_aranges
                0x0000000000000070       0x30 ./Common/Src/utilities.o
 .debug_aranges
                0x00000000000000a0       0x68 ./Core/Src/devices/motor.o
 .debug_aranges
                0x0000000000000108       0x70 ./Core/Src/main.o
 .debug_aranges
                0x0000000000000178       0x78 ./Core/Src/stm32f3xx_hal_msp.o
 .debug_aranges
                0x00000000000001f0       0x70 ./Core/Src/stm32f3xx_it.o
 .debug_aranges
                0x0000000000000260       0x28 ./Core/Src/system_stm32f3xx.o
 .debug_aranges
                0x0000000000000288       0x28 ./Core/Startup/startup_stm32f303vctx.o
 .debug_aranges
                0x00000000000002b0       0xe0 ./Drivers/STM32F3xx_HAL_Driver/Src/stm32f3xx_hal.o
 .debug_aranges
                0x0000000000000390      0x118 ./Drivers/STM32F3xx_HAL_Driver/Src/stm32f3xx_hal_cortex.o
 .debug_aranges
                0x00000000000004a8       0x58 ./Drivers/STM32F3xx_HAL_Driver/Src/stm32f3xx_hal_gpio.o
 .debug_aranges
                0x0000000000000500      0x2a0 ./Drivers/STM32F3xx_HAL_Driver/Src/stm32f3xx_hal_i2c.o
 .debug_aranges
                0x00000000000007a0       0x48 ./Drivers/STM32F3xx_HAL_Driver/Src/stm32f3xx_hal_i2c_ex.o
 .debug_aranges
                0x00000000000007e8      0x140 ./Drivers/STM32F3xx_HAL_Driver/Src/stm32f3xx_hal_pcd.o
 .debug_aranges
                0x0000000000000928       0x38 ./Drivers/STM32F3xx_HAL_Driver/Src/stm32f3xx_hal_pcd_ex.o
 .debug_aranges
                0x0000000000000960       0x88 ./Drivers/STM32F3xx_HAL_Driver/Src/stm32f3xx_hal_rcc.o
 .debug_aranges
                0x00000000000009e8       0x38 ./Drivers/STM32F3xx_HAL_Driver/Src/stm32f3xx_hal_rcc_ex.o
 .debug_aranges
                0x0000000000000a20      0x1d8 ./Drivers/STM32F3xx_HAL_Driver/Src/stm32f3xx_hal_spi.o
 .debug_aranges
                0x0000000000000bf8      0x3e0 ./Drivers/STM32F3xx_HAL_Driver/Src/stm32f3xx_hal_tim.o
 .debug_aranges
                0x0000000000000fd8      0x178 ./Drivers/STM32F3xx_HAL_Driver/Src/stm32f3xx_hal_tim_ex.o
 .debug_aranges
                0x0000000000001150      0x228 ./Drivers/STM32F3xx_HAL_Driver/Src/stm32f3xx_hal_uart.o
 .debug_aranges
                0x0000000000001378       0xb8 ./Drivers/STM32F3xx_HAL_Driver/Src/stm32f3xx_ll_usb.o
 .debug_aranges
                0x0000000000001430       0x68 ./Middlewares/ST/STM32_USB_Device_Library/Class/HID/Src/usbd_hid.o
 .debug_aranges
                0x0000000000001498       0xb8 ./Middlewares/ST/STM32_USB_Device_Library/Core/Src/usbd_core.o
 .debug_aranges
                0x0000000000001550       0x88 ./Middlewares/ST/STM32_USB_Device_Library/Core/Src/usbd_ctlreq.o
 .debug_aranges
                0x00000000000015d8       0x50 ./Middlewares/ST/STM32_USB_Device_Library/Core/Src/usbd_ioreq.o
 .debug_aranges
                0x0000000000001628       0x20 ./USB_DEVICE/App/usb_device.o
 .debug_aranges
                0x0000000000001648       0x60 ./USB_DEVICE/App/usbd_desc.o
 .debug_aranges
                0x00000000000016a8      0x118 ./USB_DEVICE/Target/usbd_conf.o

.debug_ranges   0x0000000000000000     0x1630
 .debug_ranges  0x0000000000000000       0x20 ./Common/Src/pid.o
 .debug_ranges  0x0000000000000020       0x30 ./Common/Src/rotary_encoder.o
 .debug_ranges  0x0000000000000050       0x20 ./Common/Src/utilities.o
 .debug_ranges  0x0000000000000070       0x70 ./Core/Src/devices/motor.o
 .debug_ranges  0x00000000000000e0       0x60 ./Core/Src/main.o
 .debug_ranges  0x0000000000000140       0x68 ./Core/Src/stm32f3xx_hal_msp.o
 .debug_ranges  0x00000000000001a8       0x60 ./Core/Src/stm32f3xx_it.o
 .debug_ranges  0x0000000000000208       0x18 ./Core/Src/system_stm32f3xx.o
 .debug_ranges  0x0000000000000220       0x20 ./Core/Startup/startup_stm32f303vctx.o
 .debug_ranges  0x0000000000000240       0xd0 ./Drivers/STM32F3xx_HAL_Driver/Src/stm32f3xx_hal.o
 .debug_ranges  0x0000000000000310      0x108 ./Drivers/STM32F3xx_HAL_Driver/Src/stm32f3xx_hal_cortex.o
 .debug_ranges  0x0000000000000418       0x48 ./Drivers/STM32F3xx_HAL_Driver/Src/stm32f3xx_hal_gpio.o
 .debug_ranges  0x0000000000000460      0x290 ./Drivers/STM32F3xx_HAL_Driver/Src/stm32f3xx_hal_i2c.o
 .debug_ranges  0x00000000000006f0       0x38 ./Drivers/STM32F3xx_HAL_Driver/Src/stm32f3xx_hal_i2c_ex.o
 .debug_ranges  0x0000000000000728      0x130 ./Drivers/STM32F3xx_HAL_Driver/Src/stm32f3xx_hal_pcd.o
 .debug_ranges  0x0000000000000858       0x28 ./Drivers/STM32F3xx_HAL_Driver/Src/stm32f3xx_hal_pcd_ex.o
 .debug_ranges  0x0000000000000880       0x78 ./Drivers/STM32F3xx_HAL_Driver/Src/stm32f3xx_hal_rcc.o
 .debug_ranges  0x00000000000008f8       0x28 ./Drivers/STM32F3xx_HAL_Driver/Src/stm32f3xx_hal_rcc_ex.o
 .debug_ranges  0x0000000000000920      0x1c8 ./Drivers/STM32F3xx_HAL_Driver/Src/stm32f3xx_hal_spi.o
 .debug_ranges  0x0000000000000ae8      0x3d0 ./Drivers/STM32F3xx_HAL_Driver/Src/stm32f3xx_hal_tim.o
 .debug_ranges  0x0000000000000eb8      0x168 ./Drivers/STM32F3xx_HAL_Driver/Src/stm32f3xx_hal_tim_ex.o
 .debug_ranges  0x0000000000001020      0x248 ./Drivers/STM32F3xx_HAL_Driver/Src/stm32f3xx_hal_uart.o
 .debug_ranges  0x0000000000001268       0xa8 ./Drivers/STM32F3xx_HAL_Driver/Src/stm32f3xx_ll_usb.o
 .debug_ranges  0x0000000000001310       0x58 ./Middlewares/ST/STM32_USB_Device_Library/Class/HID/Src/usbd_hid.o
 .debug_ranges  0x0000000000001368       0xa8 ./Middlewares/ST/STM32_USB_Device_Library/Core/Src/usbd_core.o
 .debug_ranges  0x0000000000001410       0x78 ./Middlewares/ST/STM32_USB_Device_Library/Core/Src/usbd_ctlreq.o
 .debug_ranges  0x0000000000001488       0x40 ./Middlewares/ST/STM32_USB_Device_Library/Core/Src/usbd_ioreq.o
 .debug_ranges  0x00000000000014c8       0x10 ./USB_DEVICE/App/usb_device.o
 .debug_ranges  0x00000000000014d8       0x50 ./USB_DEVICE/App/usbd_desc.o
 .debug_ranges  0x0000000000001528      0x108 ./USB_DEVICE/Target/usbd_conf.o

.debug_macro    0x0000000000000000    0x21d3a
 .debug_macro   0x0000000000000000       0x1a ./Common/Src/pid.o
 .debug_macro   0x000000000000001a      0xa78 ./Common/Src/pid.o
 .debug_macro   0x0000000000000a92       0x2e ./Common/Src/pid.o
 .debug_macro   0x0000000000000ac0       0x76 ./Common/Src/rotary_encoder.o
 .debug_macro   0x0000000000000b36       0x10 ./Common/Src/rotary_encoder.o
 .debug_macro   0x0000000000000b46       0x22 ./Common/Src/rotary_encoder.o
 .debug_macro   0x0000000000000b68       0x8e ./Common/Src/rotary_encoder.o
 .debug_macro   0x0000000000000bf6       0x51 ./Common/Src/rotary_encoder.o
 .debug_macro   0x0000000000000c47      0x103 ./Common/Src/rotary_encoder.o
 .debug_macro   0x0000000000000d4a       0x6a ./Common/Src/rotary_encoder.o
 .debug_macro   0x0000000000000db4      0x1df ./Common/Src/rotary_encoder.o
 .debug_macro   0x0000000000000f93       0x6d ./Common/Src/utilities.o
 .debug_macro   0x0000000000001000      0x229 ./Core/Src/devices/motor.o
 .debug_macro   0x0000000000001229       0x2e ./Core/Src/devices/motor.o
 .debug_macro   0x0000000000001257       0x28 ./Core/Src/devices/motor.o
 .debug_macro   0x000000000000127f       0x1c ./Core/Src/devices/motor.o
 .debug_macro   0x000000000000129b       0x22 ./Core/Src/devices/motor.o
 .debug_macro   0x00000000000012bd       0xd9 ./Core/Src/devices/motor.o
 .debug_macro   0x0000000000001396     0x102d ./Core/Src/devices/motor.o
 .debug_macro   0x00000000000023c3      0x11f ./Core/Src/devices/motor.o
 .debug_macro   0x00000000000024e2    0x12a3a ./Core/Src/devices/motor.o
 .debug_macro   0x0000000000014f1c       0x6d ./Core/Src/devices/motor.o
 .debug_macro   0x0000000000014f89      0x163 ./Core/Src/devices/motor.o
 .debug_macro   0x00000000000150ec     0x3558 ./Core/Src/devices/motor.o
 .debug_macro   0x0000000000018644      0x174 ./Core/Src/devices/motor.o
 .debug_macro   0x00000000000187b8       0x55 ./Core/Src/devices/motor.o
 .debug_macro   0x000000000001880d      0x961 ./Core/Src/devices/motor.o
 .debug_macro   0x000000000001916e      0x5fe ./Core/Src/devices/motor.o
 .debug_macro   0x000000000001976c      0x1b5 ./Core/Src/devices/motor.o
 .debug_macro   0x0000000000019921      0x1fb ./Core/Src/devices/motor.o
 .debug_macro   0x0000000000019b1c      0x1dc ./Core/Src/devices/motor.o
 .debug_macro   0x0000000000019cf8      0x1bc ./Core/Src/devices/motor.o
 .debug_macro   0x0000000000019eb4       0x30 ./Core/Src/devices/motor.o
 .debug_macro   0x0000000000019ee4       0x3c ./Core/Src/devices/motor.o
 .debug_macro   0x0000000000019f20      0x235 ./Core/Src/devices/motor.o
 .debug_macro   0x000000000001a155       0xc5 ./Core/Src/devices/motor.o
 .debug_macro   0x000000000001a21a      0x21d ./Core/Src/devices/motor.o
 .debug_macro   0x000000000001a437      0x22c ./Core/Src/devices/motor.o
 .debug_macro   0x000000000001a663       0x5b ./Core/Src/devices/motor.o
 .debug_macro   0x000000000001a6be       0xa5 ./Core/Src/devices/motor.o
 .debug_macro   0x000000000001a763       0x73 ./Core/Src/devices/motor.o
 .debug_macro   0x000000000001a7d6      0x242 ./Core/Src/devices/motor.o
 .debug_macro   0x000000000001aa18       0x81 ./Core/Src/devices/motor.o
 .debug_macro   0x000000000001aa99       0xd3 ./Core/Src/devices/motor.o
 .debug_macro   0x000000000001ab6c      0x2fe ./Core/Src/devices/motor.o
 .debug_macro   0x000000000001ae6a      0xa59 ./Core/Src/devices/motor.o
 .debug_macro   0x000000000001b8c3       0x89 ./Core/Src/devices/motor.o
 .debug_macro   0x000000000001b94c      0x5ba ./Core/Src/devices/motor.o
 .debug_macro   0x000000000001bf06       0x3e ./Core/Src/devices/motor.o
 .debug_macro   0x000000000001bf44      0x275 ./Core/Src/devices/motor.o
 .debug_macro   0x000000000001c1b9       0x10 ./Core/Src/devices/motor.o
 .debug_macro   0x000000000001c1c9      0x493 ./Core/Src/main.o
 .debug_macro   0x000000000001c65c      0x184 ./Core/Src/main.o
 .debug_macro   0x000000000001c7e0       0x52 ./Core/Src/main.o
 .debug_macro   0x000000000001c832       0x1e ./Core/Src/main.o
 .debug_macro   0x000000000001c850       0x3c ./Core/Src/main.o
 .debug_macro   0x000000000001c88c       0x34 ./Core/Src/main.o
 .debug_macro   0x000000000001c8c0       0x16 ./Core/Src/main.o
 .debug_macro   0x000000000001c8d6       0x35 ./Core/Src/main.o
 .debug_macro   0x000000000001c90b      0x341 ./Core/Src/main.o
 .debug_macro   0x000000000001cc4c       0x10 ./Core/Src/main.o
 .debug_macro   0x000000000001cc5c       0x16 ./Core/Src/main.o
 .debug_macro   0x000000000001cc72       0x43 ./Core/Src/main.o
 .debug_macro   0x000000000001ccb5       0x34 ./Core/Src/main.o
 .debug_macro   0x000000000001cce9       0x10 ./Core/Src/main.o
 .debug_macro   0x000000000001ccf9       0x58 ./Core/Src/main.o
 .debug_macro   0x000000000001cd51       0x71 ./Core/Src/main.o
 .debug_macro   0x000000000001cdc2       0x1c ./Core/Src/main.o
 .debug_macro   0x000000000001cdde      0x12a ./Core/Src/main.o
 .debug_macro   0x000000000001cf08       0x10 ./Core/Src/main.o
 .debug_macro   0x000000000001cf18       0x1c ./Core/Src/main.o
 .debug_macro   0x000000000001cf34       0x52 ./Core/Src/main.o
 .debug_macro   0x000000000001cf86       0x22 ./Core/Src/main.o
 .debug_macro   0x000000000001cfa8       0x10 ./Core/Src/main.o
 .debug_macro   0x000000000001cfb8       0x52 ./Core/Src/main.o
 .debug_macro   0x000000000001d00a       0xd5 ./Core/Src/main.o
 .debug_macro   0x000000000001d0df       0x1c ./Core/Src/main.o
 .debug_macro   0x000000000001d0fb       0x3d ./Core/Src/main.o
 .debug_macro   0x000000000001d138       0x16 ./Core/Src/main.o
 .debug_macro   0x000000000001d14e      0x145 ./Core/Src/main.o
 .debug_macro   0x000000000001d293       0x16 ./Core/Src/main.o
 .debug_macro   0x000000000001d2a9       0x16 ./Core/Src/main.o
 .debug_macro   0x000000000001d2bf       0x29 ./Core/Src/main.o
 .debug_macro   0x000000000001d2e8       0x16 ./Core/Src/main.o
 .debug_macro   0x000000000001d2fe       0x20 ./Core/Src/main.o
 .debug_macro   0x000000000001d31e       0x5f ./Core/Src/main.o
 .debug_macro   0x000000000001d37d      0x1c8 ./Core/Src/main.o
 .debug_macro   0x000000000001d545       0x5e ./Core/Src/main.o
 .debug_macro   0x000000000001d5a3       0x22 ./Core/Src/main.o
 .debug_macro   0x000000000001d5c5      0x21f ./Core/Src/stm32f3xx_hal_msp.o
 .debug_macro   0x000000000001d7e4      0x229 ./Core/Src/stm32f3xx_it.o
 .debug_macro   0x000000000001da0d      0x210 ./Core/Src/system_stm32f3xx.o
 .debug_macro   0x000000000001dc1d      0x234 ./Drivers/STM32F3xx_HAL_Driver/Src/stm32f3xx_hal.o
 .debug_macro   0x000000000001de51      0x210 ./Drivers/STM32F3xx_HAL_Driver/Src/stm32f3xx_hal_cortex.o
 .debug_macro   0x000000000001e061      0x217 ./Drivers/STM32F3xx_HAL_Driver/Src/stm32f3xx_hal_gpio.o
 .debug_macro   0x000000000001e278      0x2dc ./Drivers/STM32F3xx_HAL_Driver/Src/stm32f3xx_hal_i2c.o
 .debug_macro   0x000000000001e554      0x210 ./Drivers/STM32F3xx_HAL_Driver/Src/stm32f3xx_hal_i2c_ex.o
 .debug_macro   0x000000000001e764      0x21c ./Drivers/STM32F3xx_HAL_Driver/Src/stm32f3xx_hal_pcd.o
 .debug_macro   0x000000000001e980      0x210 ./Drivers/STM32F3xx_HAL_Driver/Src/stm32f3xx_hal_pcd_ex.o
 .debug_macro   0x000000000001eb90      0x234 ./Drivers/STM32F3xx_HAL_Driver/Src/stm32f3xx_hal_rcc.o
 .debug_macro   0x000000000001edc4      0x210 ./Drivers/STM32F3xx_HAL_Driver/Src/stm32f3xx_hal_rcc_ex.o
 .debug_macro   0x000000000001efd4      0x218 ./Drivers/STM32F3xx_HAL_Driver/Src/stm32f3xx_hal_spi.o
 .debug_macro   0x000000000001f1ec      0x211 ./Drivers/STM32F3xx_HAL_Driver/Src/stm32f3xx_hal_tim.o
 .debug_macro   0x000000000001f3fd      0x210 ./Drivers/STM32F3xx_HAL_Driver/Src/stm32f3xx_hal_tim_ex.o
 .debug_macro   0x000000000001f60d      0x22d ./Drivers/STM32F3xx_HAL_Driver/Src/stm32f3xx_hal_uart.o
 .debug_macro   0x000000000001f83a      0x210 ./Drivers/STM32F3xx_HAL_Driver/Src/stm32f3xx_ll_usb.o
 .debug_macro   0x000000000001fa4a      0x435 ./Middlewares/ST/STM32_USB_Device_Library/Class/HID/Src/usbd_hid.o
 .debug_macro   0x000000000001fe7f       0x97 ./Middlewares/ST/STM32_USB_Device_Library/Class/HID/Src/usbd_hid.o
 .debug_macro   0x000000000001ff16       0xfd ./Middlewares/ST/STM32_USB_Device_Library/Class/HID/Src/usbd_hid.o
 .debug_macro   0x0000000000020013       0x4f ./Middlewares/ST/STM32_USB_Device_Library/Class/HID/Src/usbd_hid.o
 .debug_macro   0x0000000000020062      0x41c ./Middlewares/ST/STM32_USB_Device_Library/Core/Src/usbd_core.o
 .debug_macro   0x000000000002047e      0x1ce ./Middlewares/ST/STM32_USB_Device_Library/Core/Src/usbd_core.o
 .debug_macro   0x000000000002064c      0x426 ./Middlewares/ST/STM32_USB_Device_Library/Core/Src/usbd_ctlreq.o
 .debug_macro   0x0000000000020a72      0x422 ./Middlewares/ST/STM32_USB_Device_Library/Core/Src/usbd_ioreq.o
 .debug_macro   0x0000000000020e94      0x44c ./USB_DEVICE/App/usb_device.o
 .debug_macro   0x00000000000212e0      0x18a ./USB_DEVICE/App/usb_device.o
 .debug_macro   0x000000000002146a       0x22 ./USB_DEVICE/App/usb_device.o
 .debug_macro   0x000000000002148c      0x459 ./USB_DEVICE/App/usbd_desc.o
 .debug_macro   0x00000000000218e5       0x1c ./USB_DEVICE/App/usbd_desc.o
 .debug_macro   0x0000000000021901      0x439 ./USB_DEVICE/Target/usbd_conf.o

.debug_line     0x0000000000000000    0x1f006
 .debug_line    0x0000000000000000       0xed ./Common/Src/pid.o
 .debug_line    0x00000000000000ed      0x456 ./Common/Src/rotary_encoder.o
 .debug_line    0x0000000000000543      0x405 ./Common/Src/utilities.o
 .debug_line    0x0000000000000948      0x971 ./Core/Src/devices/motor.o
 .debug_line    0x00000000000012b9      0xe64 ./Core/Src/main.o
 .debug_line    0x000000000000211d      0x903 ./Core/Src/stm32f3xx_hal_msp.o
 .debug_line    0x0000000000002a20      0x855 ./Core/Src/stm32f3xx_it.o
 .debug_line    0x0000000000003275      0x7d9 ./Core/Src/system_stm32f3xx.o
 .debug_line    0x0000000000003a4e       0x88 ./Core/Startup/startup_stm32f303vctx.o
 .debug_line    0x0000000000003ad6      0xa0e ./Drivers/STM32F3xx_HAL_Driver/Src/stm32f3xx_hal.o
 .debug_line    0x00000000000044e4      0xcd3 ./Drivers/STM32F3xx_HAL_Driver/Src/stm32f3xx_hal_cortex.o
 .debug_line    0x00000000000051b7      0xb6d ./Drivers/STM32F3xx_HAL_Driver/Src/stm32f3xx_hal_gpio.o
 .debug_line    0x0000000000005d24     0x37dd ./Drivers/STM32F3xx_HAL_Driver/Src/stm32f3xx_hal_i2c.o
 .debug_line    0x0000000000009501      0x980 ./Drivers/STM32F3xx_HAL_Driver/Src/stm32f3xx_hal_i2c_ex.o
 .debug_line    0x0000000000009e81     0x1355 ./Drivers/STM32F3xx_HAL_Driver/Src/stm32f3xx_hal_pcd.o
 .debug_line    0x000000000000b1d6      0x7dc ./Drivers/STM32F3xx_HAL_Driver/Src/stm32f3xx_hal_pcd_ex.o
 .debug_line    0x000000000000b9b2     0x13eb ./Drivers/STM32F3xx_HAL_Driver/Src/stm32f3xx_hal_rcc.o
 .debug_line    0x000000000000cd9d      0xd77 ./Drivers/STM32F3xx_HAL_Driver/Src/stm32f3xx_hal_rcc_ex.o
 .debug_line    0x000000000000db14     0x1fc9 ./Drivers/STM32F3xx_HAL_Driver/Src/stm32f3xx_hal_spi.o
 .debug_line    0x000000000000fadd     0x3d72 ./Drivers/STM32F3xx_HAL_Driver/Src/stm32f3xx_hal_tim.o
 .debug_line    0x000000000001384f     0x1af5 ./Drivers/STM32F3xx_HAL_Driver/Src/stm32f3xx_hal_tim_ex.o
 .debug_line    0x0000000000015344     0x312a ./Drivers/STM32F3xx_HAL_Driver/Src/stm32f3xx_hal_uart.o
 .debug_line    0x000000000001846e     0x1007 ./Drivers/STM32F3xx_HAL_Driver/Src/stm32f3xx_ll_usb.o
 .debug_line    0x0000000000019475      0xca7 ./Middlewares/ST/STM32_USB_Device_Library/Class/HID/Src/usbd_hid.o
 .debug_line    0x000000000001a11c      0xe6e ./Middlewares/ST/STM32_USB_Device_Library/Core/Src/usbd_core.o
 .debug_line    0x000000000001af8a     0x1090 ./Middlewares/ST/STM32_USB_Device_Library/Core/Src/usbd_ctlreq.o
 .debug_line    0x000000000001c01a      0xb04 ./Middlewares/ST/STM32_USB_Device_Library/Core/Src/usbd_ioreq.o
 .debug_line    0x000000000001cb1e      0xaa9 ./USB_DEVICE/App/usb_device.o
 .debug_line    0x000000000001d5c7      0xb8d ./USB_DEVICE/App/usbd_desc.o
 .debug_line    0x000000000001e154      0xeb2 ./USB_DEVICE/Target/usbd_conf.o

.debug_str      0x0000000000000000    0xbf9f0
 .debug_str     0x0000000000000000     0x2de0 ./Common/Src/pid.o
                                       0x2de6 (size before relaxing)
 .debug_str     0x0000000000002de0      0xed9 ./Common/Src/rotary_encoder.o
                                       0x3d6b (size before relaxing)
 .debug_str     0x0000000000003cb9       0x4f ./Common/Src/utilities.o
                                       0x3cbc (size before relaxing)
 .debug_str     0x0000000000003d08    0xb0815 ./Core/Src/devices/motor.o
                                      0xb4a5f (size before relaxing)
 .debug_str     0x00000000000b451d     0x5d8d ./Core/Src/main.o
                                      0xbaa1c (size before relaxing)
 .debug_str     0x00000000000ba2aa      0x4ad ./Core/Src/stm32f3xx_hal_msp.o
                                      0xb5b29 (size before relaxing)
 .debug_str     0x00000000000ba757      0x3da ./Core/Src/stm32f3xx_it.o
                                      0xb51f3 (size before relaxing)
 .debug_str     0x00000000000bab31       0xdf ./Core/Src/system_stm32f3xx.o
                                      0xb4439 (size before relaxing)
 .debug_str     0x00000000000bac10       0x36 ./Core/Startup/startup_stm32f303vctx.o
                                         0x9d (size before relaxing)
 .debug_str     0x00000000000bac46      0x370 ./Drivers/STM32F3xx_HAL_Driver/Src/stm32f3xx_hal.o
                                      0xb4c77 (size before relaxing)
 .debug_str     0x00000000000bafb6      0x31d ./Drivers/STM32F3xx_HAL_Driver/Src/stm32f3xx_hal_cortex.o
                                      0xb4cc9 (size before relaxing)
 .debug_str     0x00000000000bb2d3      0x118 ./Drivers/STM32F3xx_HAL_Driver/Src/stm32f3xx_hal_gpio.o
                                      0xb45a6 (size before relaxing)
 .debug_str     0x00000000000bb3eb      0xe4a ./Drivers/STM32F3xx_HAL_Driver/Src/stm32f3xx_hal_i2c.o
                                      0xb573c (size before relaxing)
 .debug_str     0x00000000000bc235       0xb8 ./Drivers/STM32F3xx_HAL_Driver/Src/stm32f3xx_hal_i2c_ex.o
                                      0xb495a (size before relaxing)
 .debug_str     0x00000000000bc2ed      0x528 ./Drivers/STM32F3xx_HAL_Driver/Src/stm32f3xx_hal_pcd.o
                                      0xb4c4e (size before relaxing)
 .debug_str     0x00000000000bc815      0x170 ./Drivers/STM32F3xx_HAL_Driver/Src/stm32f3xx_hal_pcd_ex.o
                                      0xb4828 (size before relaxing)
 .debug_str     0x00000000000bc985      0x2c6 ./Drivers/STM32F3xx_HAL_Driver/Src/stm32f3xx_hal_rcc.o
                                      0xb48d9 (size before relaxing)
 .debug_str     0x00000000000bcc4b       0xbe ./Drivers/STM32F3xx_HAL_Driver/Src/stm32f3xx_hal_rcc_ex.o
                                      0xb469d (size before relaxing)
 .debug_str     0x00000000000bcd09      0x574 ./Drivers/STM32F3xx_HAL_Driver/Src/stm32f3xx_hal_spi.o
                                      0xb4d5f (size before relaxing)
 .debug_str     0x00000000000bd27d      0xce5 ./Drivers/STM32F3xx_HAL_Driver/Src/stm32f3xx_hal_tim.o
                                      0xb5860 (size before relaxing)
 .debug_str     0x00000000000bdf62      0x402 ./Drivers/STM32F3xx_HAL_Driver/Src/stm32f3xx_hal_tim_ex.o
                                      0xb50b6 (size before relaxing)
 .debug_str     0x00000000000be364      0x846 ./Drivers/STM32F3xx_HAL_Driver/Src/stm32f3xx_hal_uart.o
                                      0xb515c (size before relaxing)
 .debug_str     0x00000000000bebaa       0xd8 ./Drivers/STM32F3xx_HAL_Driver/Src/stm32f3xx_ll_usb.o
                                      0xb47a3 (size before relaxing)
 .debug_str     0x00000000000bec82      0x5bc ./Middlewares/ST/STM32_USB_Device_Library/Class/HID/Src/usbd_hid.o
                                      0xb9955 (size before relaxing)
 .debug_str     0x00000000000bf23e      0x29f ./Middlewares/ST/STM32_USB_Device_Library/Core/Src/usbd_core.o
                                      0xb97f0 (size before relaxing)
 .debug_str     0x00000000000bf4dd      0x11b ./Middlewares/ST/STM32_USB_Device_Library/Core/Src/usbd_ctlreq.o
                                      0xb970a (size before relaxing)
 .debug_str     0x00000000000bf5f8       0x79 ./Middlewares/ST/STM32_USB_Device_Library/Core/Src/usbd_ioreq.o
                                      0xb9637 (size before relaxing)
 .debug_str     0x00000000000bf671       0xaf ./USB_DEVICE/App/usb_device.o
                                      0xb97ac (size before relaxing)
 .debug_str     0x00000000000bf720      0x258 ./USB_DEVICE/App/usbd_desc.o
                                      0xb9573 (size before relaxing)
 .debug_str     0x00000000000bf978       0x78 ./USB_DEVICE/Target/usbd_conf.o
                                      0xba4cf (size before relaxing)
